This is XeTeX, Version 3.141592653-2.6-0.999995 (TeX Live 2023) (preloaded format=xelatex 2024.12.3)  24 JAN 2025 11:12
entering extended mode
 restricted \write18 enabled.
 %&-line parsing enabled.
**tmp/readme.tex
(./tmp/readme.tex
LaTeX2e <2022-11-01> patch level 1
L3 programming layer <2023-02-22>
(/usr/share/texlive/texmf-dist/tex/latex/base/report.cls
Document Class: report 2022/07/02 v1.4n Standard LaTeX document class
(/usr/share/texlive/texmf-dist/tex/latex/base/size10.clo
File: size10.clo 2022/07/02 v1.4n Standard LaTeX file (size option)
)
\c@part=\count181
\c@chapter=\count182
\c@section=\count183
\c@subsection=\count184
\c@subsubsection=\count185
\c@paragraph=\count186
\c@subparagraph=\count187
\c@figure=\count188
\c@table=\count189
\abovecaptionskip=\skip48
\belowcaptionskip=\skip49
\bibindent=\dimen140
)

LaTeX Warning: \include should only be used after \begin{document} on input lin
e 19.

(./preamble.tex
(/usr/share/texlive/texmf-dist/tex/latex/polyglossia/polyglossia.sty
Package: polyglossia 2023/02/11 v1.60 Modern multilingual typesetting with XeLa
TeX and LuaLaTeX

(/usr/share/texlive/texmf-dist/tex/latex/etoolbox/etoolbox.sty
Package: etoolbox 2020/10/05 v2.5k e-TeX tools for LaTeX (JAW)
\etb@tempcnta=\count190
)
(/usr/share/texlive/texmf-dist/tex/latex/makecmds/makecmds.sty
Package: makecmds 2009/09/03 v1.0a extra command making commands
)
(/usr/share/texlive/texmf-dist/tex/latex/xkeyval/xkeyval.sty
Package: xkeyval 2022/06/16 v2.9 package option processing (HA)

(/usr/share/texlive/texmf-dist/tex/generic/xkeyval/xkeyval.tex
(/usr/share/texlive/texmf-dist/tex/generic/xkeyval/xkvutils.tex
\XKV@toks=\toks16
\XKV@tempa@toks=\toks17

(/usr/share/texlive/texmf-dist/tex/generic/xkeyval/keyval.tex))
\XKV@depth=\count191
File: xkeyval.tex 2014/12/03 v2.7a key=value parser (HA)
))
(/usr/share/texlive/texmf-dist/tex/latex/fontspec/fontspec.sty
(/usr/share/texlive/texmf-dist/tex/latex/l3packages/xparse/xparse.sty
(/usr/share/texlive/texmf-dist/tex/latex/l3kernel/expl3.sty
Package: expl3 2023-02-22 L3 programming layer (loader) 

(/usr/share/texlive/texmf-dist/tex/latex/l3backend/l3backend-xetex.def
File: l3backend-xetex.def 2023-01-16 L3 backend support: XeTeX
\g__graphics_track_int=\count192
\l__pdf_internal_box=\box51
\g__pdf_backend_object_int=\count193
\g__pdf_backend_annotation_int=\count194
\g__pdf_backend_link_int=\count195
))
Package: xparse 2023-02-02 L3 Experimental document command parser
)
Package: fontspec 2022/01/15 v2.8a Font selection for XeLaTeX and LuaLaTeX

(/usr/share/texlive/texmf-dist/tex/latex/fontspec/fontspec-xetex.sty
Package: fontspec-xetex 2022/01/15 v2.8a Font selection for XeLaTeX and LuaLaTe
X
\l__fontspec_script_int=\count196
\l__fontspec_language_int=\count197
\l__fontspec_strnum_int=\count198
\l__fontspec_tmp_int=\count199
\l__fontspec_tmpa_int=\count266
\l__fontspec_tmpb_int=\count267
\l__fontspec_tmpc_int=\count268
\l__fontspec_em_int=\count269
\l__fontspec_emdef_int=\count270
\l__fontspec_strong_int=\count271
\l__fontspec_strongdef_int=\count272
\l__fontspec_tmpa_dim=\dimen141
\l__fontspec_tmpb_dim=\dimen142
\l__fontspec_tmpc_dim=\dimen143

(/usr/share/texlive/texmf-dist/tex/latex/base/fontenc.sty
Package: fontenc 2021/04/29 v2.0v Standard LaTeX package
)
(/usr/share/texlive/texmf-dist/tex/latex/fontspec/fontspec.cfg)))
(/usr/share/texlive/texmf-dist/tex/generic/iftex/iftex.sty
Package: iftex 2022/02/03 v1.0f TeX engine tests
)
(/usr/share/texlive/texmf-dist/tex/latex/l3packages/l3keys2e/l3keys2e.sty
Package: l3keys2e 2023-02-02 LaTeX2e option processing using LaTeX3 keys
)
\xpg@normalclass=\XeTeXcharclass1

(/usr/share/texlive/texmf-dist/tex/latex/polyglossia/gloss-latex.lde
Package: gloss-latex 2023/02/11 vv1.60 polyglossia: module for default language

The property list \polyglossia@langsetup contains the pairs (without outer
braces):
>  {latex/script}  =>  {latin}
>  {latex/lcscript}  =>  {latin}
>  {latex/scripttag}  =>  {}
>  {latex/language}  =>  {Latex}
>  {latex/langtag}  =>  {ENG}
>  {latex/bcp47}  =>  {}
>  {latex/hyphennames}  =>  {english}
>  {latex/direction}  =>  {LR}
>  {latex/hyphenmins}  =>  {2,3}
>  {latex/frenchspacing}  =>  {false}
>  {latex/indentfirst}  =>  {false}
>  {latex/fontsetup}  =>  {true}
>  {latex/envname}  =>  {latex}
>  {latex/babelname}  =>  {latex}
>  {latex/localnumeral}  =>  {polyglossia@C@localnumeral}
>  {latex/Localnumeral}  =>  {polyglossia@C@localnumeral}
>  {latex/DefineCommandsCmd}  =>  {use_none:n}.
)
Package polyglossia Info: Default language is latex.
)
(/usr/share/texlive/texmf-dist/tex/latex/polyglossia/gloss-english.ldf
File: gloss-english.ldf polyglossia: module for English
The property list \polyglossia@langsetup contains the pairs (without outer
braces):
>  {latex/script}  =>  {latin}
>  {latex/lcscript}  =>  {latin}
>  {latex/scripttag}  =>  {}
>  {latex/language}  =>  {Latex}
>  {latex/langtag}  =>  {ENG}
>  {latex/bcp47}  =>  {}
>  {latex/hyphennames}  =>  {english}
>  {latex/direction}  =>  {LR}
>  {latex/hyphenmins}  =>  {2,3}
>  {latex/frenchspacing}  =>  {false}
>  {latex/indentfirst}  =>  {false}
>  {latex/fontsetup}  =>  {true}
>  {latex/envname}  =>  {latex}
>  {latex/babelname}  =>  {latex}
>  {latex/localnumeral}  =>  {polyglossia@C@localnumeral}
>  {latex/Localnumeral}  =>  {polyglossia@C@localnumeral}
>  {latex/DefineCommandsCmd}  =>  {use_none:n}
>  {english/script}  =>  {latin}
>  {english/lcscript}  =>  {latin}
>  {english/scripttag}  =>  {}
>  {english/language}  =>  {English}
>  {english/langtag}  =>  {ENG}
>  {english/bcp47}  =>  {en-US}
>  {english/hyphennames}  =>  {english,american,usenglish,USenglish}
>  {english/direction}  =>  {LR}
>  {english/hyphenmins}  =>  {2,3}
>  {english/frenchspacing}  =>  {false}
>  {english/indentfirst}  =>  {false}
>  {english/fontsetup}  =>  {true}
>  {english/envname}  =>  {english}
>  {english/babelname}  =>  {english}
>  {english/localnumeral}  =>  {polyglossia@C@localnumeral}
>  {english/Localnumeral}  =>  {polyglossia@C@localnumeral}
>  {english/DefineCommandsCmd}  =>  {xpg_define_language_commands:e}.
Package polyglossia Info: Option: English, variant=american.
)
Package polyglossia Info: Default language is english.

(/usr/share/texlive/texmf-dist/tex/latex/amsfonts/amssymb.sty
Package: amssymb 2013/01/14 v3.01 AMS font symbols

(/usr/share/texlive/texmf-dist/tex/latex/amsfonts/amsfonts.sty
Package: amsfonts 2013/01/14 v3.01 Basic AMSFonts support
\@emptytoks=\toks18
\symAMSa=\mathgroup4
\symAMSb=\mathgroup5
LaTeX Font Info:    Redeclaring math symbol \hbar on input line 98.
LaTeX Font Info:    Overwriting math alphabet `\mathfrak' in version `bold'
(Font)                  U/euf/m/n --> U/euf/b/n on input line 106.
))
(/usr/share/texlive/texmf-dist/tex/latex/amsmath/amsmath.sty
Package: amsmath 2022/04/08 v2.17n AMS math features
\@mathmargin=\skip50

For additional information on amsmath, use the `?' option.
(/usr/share/texlive/texmf-dist/tex/latex/amsmath/amstext.sty
Package: amstext 2021/08/26 v2.01 AMS text

(/usr/share/texlive/texmf-dist/tex/latex/amsmath/amsgen.sty
File: amsgen.sty 1999/11/30 v2.0 generic functions
\@emptytoks=\toks19
\ex@=\dimen144
))
(/usr/share/texlive/texmf-dist/tex/latex/amsmath/amsbsy.sty
Package: amsbsy 1999/11/29 v1.2d Bold Symbols
\pmbraise@=\dimen145
)
(/usr/share/texlive/texmf-dist/tex/latex/amsmath/amsopn.sty
Package: amsopn 2022/04/08 v2.04 operator names
)
\inf@bad=\count273
LaTeX Info: Redefining \frac on input line 234.
\uproot@=\count274
\leftroot@=\count275
LaTeX Info: Redefining \overline on input line 399.
LaTeX Info: Redefining \colon on input line 410.
\classnum@=\count276
\DOTSCASE@=\count277
LaTeX Info: Redefining \ldots on input line 496.
LaTeX Info: Redefining \dots on input line 499.
LaTeX Info: Redefining \cdots on input line 620.
\Mathstrutbox@=\box52
\strutbox@=\box53
LaTeX Info: Redefining \big on input line 722.
LaTeX Info: Redefining \Big on input line 723.
LaTeX Info: Redefining \bigg on input line 724.
LaTeX Info: Redefining \Bigg on input line 725.
\big@size=\dimen146
LaTeX Font Info:    Redeclaring font encoding OML on input line 743.
LaTeX Font Info:    Redeclaring font encoding OMS on input line 744.
\macc@depth=\count278
LaTeX Info: Redefining \bmod on input line 905.
LaTeX Info: Redefining \pmod on input line 910.
LaTeX Info: Redefining \smash on input line 940.
LaTeX Info: Redefining \relbar on input line 970.
LaTeX Info: Redefining \Relbar on input line 971.
\c@MaxMatrixCols=\count279
\dotsspace@=\muskip16
\c@parentequation=\count280
\dspbrk@lvl=\count281
\tag@help=\toks20
\row@=\count282
\column@=\count283
\maxfields@=\count284
\andhelp@=\toks21
\eqnshift@=\dimen147
\alignsep@=\dimen148
\tagshift@=\dimen149
\tagwidth@=\dimen150
\totwidth@=\dimen151
\lineht@=\dimen152
\@envbody=\toks22
\multlinegap=\skip51
\multlinetaggap=\skip52
\mathdisplay@stack=\toks23
LaTeX Info: Redefining \[ on input line 2953.
LaTeX Info: Redefining \] on input line 2954.
)
(/usr/share/texlive/texmf-dist/tex/latex/units/nicefrac.sty
Package: nicefrac 1998/08/04 v0.9b Nice fractions
\L@UnitsRaiseDisplaystyle=\skip53
\L@UnitsRaiseTextstyle=\skip54
\L@UnitsRaiseScriptstyle=\skip55

(/usr/share/texlive/texmf-dist/tex/latex/base/ifthen.sty
Package: ifthen 2022/04/13 v1.1d Standard LaTeX ifthen package (DPC)
))
(/usr/share/texlive/texmf-dist/tex/generic/iftex/ifxetex.sty
Package: ifxetex 2019/10/25 v0.7 ifxetex legacy package. Use iftex instead.
)
(/usr/share/texlive/texmf-dist/tex/generic/iftex/ifluatex.sty
Package: ifluatex 2019/10/25 v1.5 ifluatex legacy package. Use iftex instead.
)
(/usr/share/texlive/texmf-dist/tex/xelatex/xltxtra/xltxtra.sty
Package: xltxtra 2018/12/31 v0.7 Improvements for the "XeLaTeX" format

(/usr/share/texlive/texmf-dist/tex/latex/realscripts/realscripts.sty
Package: realscripts 2016/02/13 v0.3d Access OpenType subscripts and superscrip
ts
\subsupersep=\dimen153
)
(/usr/share/texlive/texmf-dist/tex/latex/metalogo/metalogo.sty
Package: metalogo 2010/05/29 v0.12 Extended TeX logo macros

(/usr/share/texlive/texmf-dist/tex/latex/graphics/graphicx.sty
Package: graphicx 2021/09/16 v1.2d Enhanced LaTeX Graphics (DPC,SPQR)

(/usr/share/texlive/texmf-dist/tex/latex/graphics/graphics.sty
Package: graphics 2022/03/10 v1.4e Standard LaTeX Graphics (DPC,SPQR)

(/usr/share/texlive/texmf-dist/tex/latex/graphics/trig.sty
Package: trig 2021/08/11 v1.11 sin cos tan (DPC)
)
(/usr/share/texlive/texmf-dist/tex/latex/graphics-cfg/graphics.cfg
File: graphics.cfg 2016/06/04 v1.11 sample graphics configuration
)
Package graphics Info: Driver file: xetex.def on input line 107.

(/usr/share/texlive/texmf-dist/tex/latex/graphics-def/xetex.def
File: xetex.def 2022/09/22 v5.0n Graphics/color driver for xetex
))
\Gin@req@height=\dimen154
\Gin@req@width=\dimen155
)
\xl@everylogo=\toks24
\xl@@everylogo=\toks25
LaTeX Info: Redefining \TeX on input line 193.
LaTeX Info: Redefining \LaTeX on input line 202.
LaTeX Info: Redefining \LaTeXe on input line 219.
)
LaTeX Info: Redefining \textsubscript on input line 58.
LaTeX Info: Redefining \textsuperscript on input line 60.
\l__xetex_show_hyphens_wrapping_box=\box54
\l__xetex_show_hyphens_temp_box=\box55
\l__xetex_show_hyphens_final_box=\box56
\g__xetex_show_hyphens_word_box=\box57
)
(/usr/share/texlive/texmf-dist/tex/xelatex/xunicode/xunicode.sty
File: xunicode.sty 2011/09/09 v0.981 provides access to latin accents and many 
other characters in Unicode lower plane

(/usr/share/texlive/texmf-dist/tex/latex/tipa/t3enc.def
File: t3enc.def 2001/12/31 T3 encoding
)
\tipaTiiicode=\count285
\tipasavetokens=\toks26
\tipachecktokens=\toks27
)
(/usr/share/texlive/texmf-dist/tex/latex/upquote/upquote.sty
Package: upquote 2012/04/19 v1.3 upright-quote and grave-accent glyphs in verba
tim

(/usr/share/texlive/texmf-dist/tex/latex/base/textcomp.sty
Package: textcomp 2020/02/02 v2.0n Standard LaTeX package
))
(/usr/share/texlive/texmf-dist/tex/latex/microtype/microtype.sty
Package: microtype 2023/03/13 v3.1a Micro-typographical refinements (RS)
\MT@toks=\toks28
\MT@tempbox=\box58
\MT@count=\count286
LaTeX Info: Redefining \noprotrusionifhmode on input line 1059.
LaTeX Info: Redefining \leftprotrusion on input line 1060.
\MT@prot@toks=\toks29
LaTeX Info: Redefining \rightprotrusion on input line 1078.
LaTeX Info: Redefining \textls on input line 1368.
\MT@outer@kern=\dimen156
LaTeX Info: Redefining \textmicrotypecontext on input line 1988.
\MT@listname@count=\count287

(/usr/share/texlive/texmf-dist/tex/latex/microtype/microtype-xetex.def
File: microtype-xetex.def 2023/03/13 v3.1a Definitions specific to xetex (RS)
LaTeX Info: Redefining \lsstyle on input line 238.
)
Package microtype Info: Loading configuration file microtype.cfg.

(/usr/share/texlive/texmf-dist/tex/latex/microtype/microtype.cfg
File: microtype.cfg 2023/03/13 v3.1a microtype main configuration file (RS)
))
(/usr/share/texlive/texmf-dist/tex/latex/tabu/tabu.sty
Package: tabu 2019/01/11 v2.9 - flexible LaTeX tabulars (FC+tabu-issues-for-fut
ure-maintainer) + intermediate FMi

(/usr/share/texlive/texmf-dist/tex/latex/tools/array.sty
Package: array 2022/09/04 v2.5g Tabular extension package (FMi)
\col@sep=\dimen157
\ar@mcellbox=\box59
\extrarowheight=\dimen158
\NC@list=\toks30
\extratabsurround=\skip56
\backup@length=\skip57
\ar@cellbox=\box60
)
(/usr/share/texlive/texmf-dist/tex/latex/varwidth/varwidth.sty
Package: varwidth 2009/03/30 ver 0.92;  Variable-width minipages
\@vwid@box=\box61
\sift@deathcycles=\count288
\@vwid@loff=\dimen159
\@vwid@roff=\dimen160
)
\c@taburow=\count289
\tabu@nbcols=\count290
\tabu@cnt=\count291
\tabu@Xcol=\count292
\tabu@alloc=\count293
\tabu@nested=\count294
\tabu@target=\dimen161
\tabu@spreadtarget=\dimen162
\tabu@naturalX=\dimen163
\tabucolX=\dimen164
\tabu@Xsum=\dimen165
\extrarowdepth=\dimen166
\abovetabulinesep=\dimen167
\belowtabulinesep=\dimen168
\tabustrutrule=\dimen169
\tabu@thebody=\toks31
\tabu@footnotes=\toks32
\tabu@box=\box62
\tabu@arstrutbox=\box63
\tabu@hleads=\box64
\tabu@vleads=\box65
\tabu@cellskip=\skip58
)
(/usr/share/texlive/texmf-dist/tex/latex/booktabs/booktabs.sty
Package: booktabs 2020/01/12 v1.61803398 Publication quality tables
\heavyrulewidth=\dimen170
\lightrulewidth=\dimen171
\cmidrulewidth=\dimen172
\belowrulesep=\dimen173
\belowbottomsep=\dimen174
\aboverulesep=\dimen175
\abovetopsep=\dimen176
\cmidrulesep=\dimen177
\cmidrulekern=\dimen178
\defaultaddspace=\dimen179
\@cmidla=\count295
\@cmidlb=\count296
\@aboverulesep=\dimen180
\@belowrulesep=\dimen181
\@thisruleclass=\count297
\@lastruleclass=\count298
\@thisrulewidth=\dimen182
)
(/usr/share/texlive/texmf-dist/tex/latex/graphics/color.sty
Package: color 2022/01/06 v1.3d Standard LaTeX Color (DPC)

(/usr/share/texlive/texmf-dist/tex/latex/graphics-cfg/color.cfg
File: color.cfg 2016/01/02 v1.6 sample color configuration
)
Package color Info: Driver file: xetex.def on input line 149.

(/usr/share/texlive/texmf-dist/tex/latex/graphics/mathcolor.ltx))
(/usr/share/texlive/texmf-dist/tex/latex/fancyvrb/fancyvrb.sty
Package: fancyvrb 2023/01/19 4.5a verbatim text (tvz,hv)
\FV@CodeLineNo=\count299
\FV@InFile=\read2
\FV@TabBox=\box66
\c@FancyVerbLine=\count300
\FV@StepNumber=\count301
\FV@OutFile=\write3
)
(/usr/share/texlive/texmf-dist/tex/latex/hyperref/hyperref.sty
Package: hyperref 2023-02-07 v7.00v Hypertext links for LaTeX

(/usr/share/texlive/texmf-dist/tex/generic/ltxcmds/ltxcmds.sty
Package: ltxcmds 2020-05-10 v1.25 LaTeX kernel commands for general use (HO)
)
(/usr/share/texlive/texmf-dist/tex/generic/pdftexcmds/pdftexcmds.sty
Package: pdftexcmds 2020-06-27 v0.33 Utility functions of pdfTeX for LuaTeX (HO
)

(/usr/share/texlive/texmf-dist/tex/generic/infwarerr/infwarerr.sty
Package: infwarerr 2019/12/03 v1.5 Providing info/warning/error messages (HO)
)
Package pdftexcmds Info: \pdf@primitive is available.
Package pdftexcmds Info: \pdf@ifprimitive is available.
Package pdftexcmds Info: \pdfdraftmode not found.
)
(/usr/share/texlive/texmf-dist/tex/latex/kvsetkeys/kvsetkeys.sty
Package: kvsetkeys 2022-10-05 v1.19 Key value parser (HO)
)
(/usr/share/texlive/texmf-dist/tex/generic/kvdefinekeys/kvdefinekeys.sty
Package: kvdefinekeys 2019-12-19 v1.6 Define keys (HO)
)
(/usr/share/texlive/texmf-dist/tex/generic/pdfescape/pdfescape.sty
Package: pdfescape 2019/12/09 v1.15 Implements pdfTeX's escape features (HO)
)
(/usr/share/texlive/texmf-dist/tex/latex/hycolor/hycolor.sty
Package: hycolor 2020-01-27 v1.10 Color options for hyperref/bookmark (HO)
)
(/usr/share/texlive/texmf-dist/tex/latex/letltxmacro/letltxmacro.sty
Package: letltxmacro 2019/12/03 v1.6 Let assignment for LaTeX macros (HO)
)
(/usr/share/texlive/texmf-dist/tex/latex/auxhook/auxhook.sty
Package: auxhook 2019-12-17 v1.6 Hooks for auxiliary files (HO)
)
(/usr/share/texlive/texmf-dist/tex/latex/hyperref/nameref.sty
Package: nameref 2022-05-17 v2.50 Cross-referencing by name of section

(/usr/share/texlive/texmf-dist/tex/latex/refcount/refcount.sty
Package: refcount 2019/12/15 v3.6 Data extraction from label references (HO)
)
(/usr/share/texlive/texmf-dist/tex/generic/gettitlestring/gettitlestring.sty
Package: gettitlestring 2019/12/15 v1.6 Cleanup title references (HO)

(/usr/share/texlive/texmf-dist/tex/latex/kvoptions/kvoptions.sty
Package: kvoptions 2022-06-15 v3.15 Key value format for package options (HO)
))
\c@section@level=\count302
)
\@linkdim=\dimen183
\Hy@linkcounter=\count303
\Hy@pagecounter=\count304

(/usr/share/texlive/texmf-dist/tex/latex/hyperref/pd1enc.def
File: pd1enc.def 2023-02-07 v7.00v Hyperref: PDFDocEncoding definition (HO)
)
(/usr/share/texlive/texmf-dist/tex/generic/intcalc/intcalc.sty
Package: intcalc 2019/12/15 v1.3 Expandable calculations with integers (HO)
)
(/usr/share/texlive/texmf-dist/tex/generic/etexcmds/etexcmds.sty
Package: etexcmds 2019/12/15 v1.7 Avoid name clashes with e-TeX commands (HO)
)
\Hy@SavedSpaceFactor=\count305

(/usr/share/texlive/texmf-dist/tex/latex/hyperref/puenc.def
File: puenc.def 2023-02-07 v7.00v Hyperref: PDF Unicode definition (HO)

(/usr/share/texlive/texmf-dist/tex/latex/hyperref/puenc-greekbasic.def
File: puenc-greekbasic.def 2023-02-07 v7.00v Hyperref: PDF Unicode definition (
greek block) (HO)
))
Package hyperref Info: Option `setpagesize' set `false' on input line 4060.
Package hyperref Info: Option `unicode' set `false' on input line 4060.
Package hyperref Info: Hyper figures OFF on input line 4177.
Package hyperref Info: Link nesting OFF on input line 4182.
Package hyperref Info: Hyper index ON on input line 4185.
Package hyperref Info: Plain pages OFF on input line 4192.
Package hyperref Info: Backreferencing OFF on input line 4197.
Package hyperref Info: Implicit mode ON; LaTeX internals redefined.
Package hyperref Info: Bookmarks ON on input line 4425.
\c@Hy@tempcnt=\count306

(/usr/share/texlive/texmf-dist/tex/latex/url/url.sty
\Urlmuskip=\muskip17
Package: url 2013/09/16  ver 3.4  Verb mode for urls, etc.
)
LaTeX Info: Redefining \url on input line 4763.
\XeTeXLinkMargin=\dimen184

(/usr/share/texlive/texmf-dist/tex/generic/bitset/bitset.sty
Package: bitset 2019/12/09 v1.3 Handle bit-vector datatype (HO)

(/usr/share/texlive/texmf-dist/tex/generic/bigintcalc/bigintcalc.sty
Package: bigintcalc 2019/12/15 v1.5 Expandable calculations on big integers (HO
)
))
\Fld@menulength=\count307
\Field@Width=\dimen185
\Fld@charsize=\dimen186
Package hyperref Info: Hyper figures OFF on input line 6042.
Package hyperref Info: Link nesting OFF on input line 6047.
Package hyperref Info: Hyper index ON on input line 6050.
Package hyperref Info: backreferencing OFF on input line 6057.
Package hyperref Info: Link coloring OFF on input line 6062.
Package hyperref Info: Link coloring with OCG OFF on input line 6067.
Package hyperref Info: PDF/A mode OFF on input line 6072.

(/usr/share/texlive/texmf-dist/tex/latex/base/atbegshi-ltx.sty
Package: atbegshi-ltx 2021/01/10 v1.0c Emulation of the original atbegshi
package with kernel methods
)
\Hy@abspage=\count308
\c@Item=\count309
\c@Hfootnote=\count310
)
Package hyperref Info: Driver: hxetex.

(/usr/share/texlive/texmf-dist/tex/latex/hyperref/hxetex.def
File: hxetex.def 2023-02-07 v7.00v Hyperref driver for XeTeX

(/usr/share/texlive/texmf-dist/tex/generic/stringenc/stringenc.sty
Package: stringenc 2019/11/29 v1.12 Convert strings between diff. encodings (HO
)
)
\pdfm@box=\box67
\c@Hy@AnnotLevel=\count311
\HyField@AnnotCount=\count312
\Fld@listcount=\count313
\c@bookmark@seq@number=\count314

(/usr/share/texlive/texmf-dist/tex/latex/rerunfilecheck/rerunfilecheck.sty
Package: rerunfilecheck 2022-07-10 v1.10 Rerun checks for auxiliary files (HO)

(/usr/share/texlive/texmf-dist/tex/latex/base/atveryend-ltx.sty
Package: atveryend-ltx 2020/08/19 v1.0a Emulation of the original atveryend pac
kage
with kernel methods
)
(/usr/share/texlive/texmf-dist/tex/generic/uniquecounter/uniquecounter.sty
Package: uniquecounter 2019/12/15 v1.4 Provide unlimited unique counter (HO)
)
Package uniquecounter Info: New unique counter `rerunfilecheck' on input line 2
85.
)
\Hy@SectionHShift=\skip59
)
\versionfile=\read3
Package hyperref Info: Option `breaklinks' set `true' on input line 113.


Package hyperref Warning: Option `bookmarks' has already been used,
(hyperref)                setting the option has no effect on input line 113.

(/usr/share/texlive/texmf-dist/tex/generic/stringenc/se-ascii-print.def
File: se-ascii-print.def 2019/11/29 v1.12 stringenc: Printable ASCII characters

)
Package hyperref Info: Option `colorlinks' set `true' on input line 113.
)
(/usr/share/texlive/texmf-dist/tex/latex/tools/longtable.sty
Package: longtable 2021-09-01 v4.17 Multi-page Table package (DPC)
\LTleft=\skip60
\LTright=\skip61
\LTpre=\skip62
\LTpost=\skip63
\LTchunksize=\count315
\LTcapwidth=\dimen187
\LT@head=\box68
\LT@firsthead=\box69
\LT@foot=\box70
\LT@lastfoot=\box71
\LT@gbox=\box72
\LT@cols=\count316
\LT@rows=\count317
\c@LT@tables=\count318
\c@LT@chunks=\count319
\LT@p@ftn=\toks33
) (tmp/readme.aux
LaTeX Info: Redefining \rmfamily on input line 17.
LaTeX Info: Redefining \sffamily on input line 17.
LaTeX Info: Redefining \ttfamily on input line 17.


LaTeX Warning: Label `name' multiply defined.


LaTeX Warning: Label `synopsis' multiply defined.


LaTeX Warning: Label `description' multiply defined.


LaTeX Warning: Label `exit-status' multiply defined.


LaTeX Warning: Label `see-also' multiply defined.


LaTeX Warning: Label `name' multiply defined.


LaTeX Warning: Label `synopsis' multiply defined.


LaTeX Warning: Label `description' multiply defined.


LaTeX Warning: Label `exit-status' multiply defined.


LaTeX Warning: Label `see-also' multiply defined.


LaTeX Warning: Label `name' multiply defined.


LaTeX Warning: Label `synopsis' multiply defined.


LaTeX Warning: Label `description' multiply defined.


LaTeX Warning: Label `exit-status' multiply defined.


LaTeX Warning: Label `see-also' multiply defined.


LaTeX Warning: Label `name' multiply defined.


LaTeX Warning: Label `synopsis' multiply defined.


LaTeX Warning: Label `description' multiply defined.


LaTeX Warning: Label `exit-status' multiply defined.


LaTeX Warning: Label `see-also' multiply defined.


LaTeX Warning: Label `name' multiply defined.


LaTeX Warning: Label `synopsis' multiply defined.


LaTeX Warning: Label `description' multiply defined.


LaTeX Warning: Label `exit-status' multiply defined.


LaTeX Warning: Label `see-also' multiply defined.


LaTeX Warning: Label `name' multiply defined.


LaTeX Warning: Label `synopsis' multiply defined.


LaTeX Warning: Label `description' multiply defined.


LaTeX Warning: Label `exit-status' multiply defined.


LaTeX Warning: Label `see-also' multiply defined.


LaTeX Warning: Label `name' multiply defined.


LaTeX Warning: Label `synopsis' multiply defined.


LaTeX Warning: Label `description' multiply defined.


LaTeX Warning: Label `exit-status' multiply defined.


LaTeX Warning: Label `name' multiply defined.


LaTeX Warning: Label `synopsis' multiply defined.


LaTeX Warning: Label `description' multiply defined.


LaTeX Warning: Label `exit-status' multiply defined.


LaTeX Warning: Label `see-also' multiply defined.


LaTeX Warning: Label `name' multiply defined.


LaTeX Warning: Label `synopsis' multiply defined.


LaTeX Warning: Label `description' multiply defined.


LaTeX Warning: Label `exit-status' multiply defined.


LaTeX Warning: Label `see-also' multiply defined.


LaTeX Warning: Label `name' multiply defined.


LaTeX Warning: Label `synopsis' multiply defined.


LaTeX Warning: Label `description' multiply defined.


LaTeX Warning: Label `exit-status' multiply defined.


LaTeX Warning: Label `see-also' multiply defined.


LaTeX Warning: Label `name' multiply defined.


LaTeX Warning: Label `synopsis' multiply defined.


LaTeX Warning: Label `description' multiply defined.


LaTeX Warning: Label `exit-status' multiply defined.


LaTeX Warning: Label `see-also' multiply defined.


LaTeX Warning: Label `name' multiply defined.


LaTeX Warning: Label `synopsis' multiply defined.


LaTeX Warning: Label `description' multiply defined.


LaTeX Warning: Label `exit-status' multiply defined.


LaTeX Warning: Label `see-also' multiply defined.


LaTeX Warning: Label `name' multiply defined.


LaTeX Warning: Label `synopsis' multiply defined.


LaTeX Warning: Label `description' multiply defined.


LaTeX Warning: Label `exit-status' multiply defined.


LaTeX Warning: Label `see-also' multiply defined.


LaTeX Warning: Label `name' multiply defined.


LaTeX Warning: Label `synopsis' multiply defined.


LaTeX Warning: Label `description' multiply defined.


LaTeX Warning: Label `exit-status' multiply defined.


LaTeX Warning: Label `see-also' multiply defined.


LaTeX Warning: Label `name' multiply defined.


LaTeX Warning: Label `synopsis' multiply defined.


LaTeX Warning: Label `description' multiply defined.


LaTeX Warning: Label `exit-status' multiply defined.


LaTeX Warning: Label `see-also' multiply defined.


LaTeX Warning: Label `name' multiply defined.


LaTeX Warning: Label `synopsis' multiply defined.


LaTeX Warning: Label `description' multiply defined.


LaTeX Warning: Label `exit-status' multiply defined.


LaTeX Warning: Label `see-also' multiply defined.


LaTeX Warning: Label `name' multiply defined.


LaTeX Warning: Label `synopsis' multiply defined.


LaTeX Warning: Label `description' multiply defined.


LaTeX Warning: Label `exit-status' multiply defined.


LaTeX Warning: Label `see-also' multiply defined.


LaTeX Warning: Label `name' multiply defined.


LaTeX Warning: Label `synopsis' multiply defined.


LaTeX Warning: Label `description' multiply defined.


LaTeX Warning: Label `exit-status' multiply defined.


LaTeX Warning: Label `see-also' multiply defined.


LaTeX Warning: Label `name' multiply defined.


LaTeX Warning: Label `synopsis' multiply defined.


LaTeX Warning: Label `description' multiply defined.


LaTeX Warning: Label `exit-status' multiply defined.


LaTeX Warning: Label `see-also' multiply defined.


LaTeX Warning: Label `name' multiply defined.


LaTeX Warning: Label `synopsis' multiply defined.


LaTeX Warning: Label `description' multiply defined.


LaTeX Warning: Label `exit-status' multiply defined.


LaTeX Warning: Label `see-also' multiply defined.


LaTeX Warning: Label `name' multiply defined.


LaTeX Warning: Label `synopsis' multiply defined.


LaTeX Warning: Label `description' multiply defined.


LaTeX Warning: Label `exit-status' multiply defined.


LaTeX Warning: Label `see-also' multiply defined.


LaTeX Warning: Label `name' multiply defined.


LaTeX Warning: Label `synopsis' multiply defined.


LaTeX Warning: Label `description' multiply defined.


LaTeX Warning: Label `exit-status' multiply defined.


LaTeX Warning: Label `see-also' multiply defined.


LaTeX Warning: Label `name' multiply defined.


LaTeX Warning: Label `synopsis' multiply defined.


LaTeX Warning: Label `description' multiply defined.


LaTeX Warning: Label `exit-status' multiply defined.


LaTeX Warning: Label `see-also' multiply defined.


LaTeX Warning: Label `name' multiply defined.


LaTeX Warning: Label `synopsis' multiply defined.


LaTeX Warning: Label `description' multiply defined.


LaTeX Warning: Label `exit-status' multiply defined.


LaTeX Warning: Label `see-also' multiply defined.


LaTeX Warning: Label `name' multiply defined.


LaTeX Warning: Label `synopsis' multiply defined.


LaTeX Warning: Label `description' multiply defined.


LaTeX Warning: Label `exit-status' multiply defined.


LaTeX Warning: Label `see-also' multiply defined.


LaTeX Warning: Label `name' multiply defined.


LaTeX Warning: Label `synopsis' multiply defined.


LaTeX Warning: Label `description' multiply defined.


LaTeX Warning: Label `exit-status' multiply defined.


LaTeX Warning: Label `see-also' multiply defined.


LaTeX Warning: Label `name' multiply defined.


LaTeX Warning: Label `synopsis' multiply defined.


LaTeX Warning: Label `description' multiply defined.


LaTeX Warning: Label `exit-status' multiply defined.


LaTeX Warning: Label `see-also' multiply defined.


LaTeX Warning: Label `name' multiply defined.


LaTeX Warning: Label `synopsis' multiply defined.


LaTeX Warning: Label `description' multiply defined.


LaTeX Warning: Label `exit-status' multiply defined.


LaTeX Warning: Label `see-also' multiply defined.


LaTeX Warning: Label `name' multiply defined.


LaTeX Warning: Label `synopsis' multiply defined.


LaTeX Warning: Label `description' multiply defined.


LaTeX Warning: Label `exit-status' multiply defined.


LaTeX Warning: Label `see-also' multiply defined.


LaTeX Warning: Label `name' multiply defined.


LaTeX Warning: Label `synopsis' multiply defined.


LaTeX Warning: Label `description' multiply defined.


LaTeX Warning: Label `exit-status' multiply defined.


LaTeX Warning: Label `see-also' multiply defined.


LaTeX Warning: Label `name' multiply defined.


LaTeX Warning: Label `synopsis' multiply defined.


LaTeX Warning: Label `description' multiply defined.


LaTeX Warning: Label `exit-status' multiply defined.


LaTeX Warning: Label `see-also' multiply defined.


LaTeX Warning: Label `name' multiply defined.


LaTeX Warning: Label `synopsis' multiply defined.


LaTeX Warning: Label `description' multiply defined.


LaTeX Warning: Label `exit-status' multiply defined.


LaTeX Warning: Label `see-also' multiply defined.


LaTeX Warning: Label `name' multiply defined.


LaTeX Warning: Label `synopsis' multiply defined.


LaTeX Warning: Label `description' multiply defined.


LaTeX Warning: Label `exit-status' multiply defined.


LaTeX Warning: Label `see-also' multiply defined.


LaTeX Warning: Label `name' multiply defined.


LaTeX Warning: Label `synopsis' multiply defined.


LaTeX Warning: Label `description' multiply defined.


LaTeX Warning: Label `exit-status' multiply defined.


LaTeX Warning: Label `see-also' multiply defined.


LaTeX Warning: Label `name' multiply defined.


LaTeX Warning: Label `synopsis' multiply defined.


LaTeX Warning: Label `description' multiply defined.


LaTeX Warning: Label `exit-status' multiply defined.


LaTeX Warning: Label `see-also' multiply defined.


LaTeX Warning: Label `name' multiply defined.


LaTeX Warning: Label `synopsis' multiply defined.


LaTeX Warning: Label `description' multiply defined.


LaTeX Warning: Label `exit-status' multiply defined.


LaTeX Warning: Label `see-also' multiply defined.


LaTeX Warning: Label `name' multiply defined.


LaTeX Warning: Label `synopsis' multiply defined.


LaTeX Warning: Label `description' multiply defined.


LaTeX Warning: Label `exit-status' multiply defined.


LaTeX Warning: Label `see-also' multiply defined.


LaTeX Warning: Label `name' multiply defined.


LaTeX Warning: Label `synopsis' multiply defined.


LaTeX Warning: Label `description' multiply defined.


LaTeX Warning: Label `exit-status' multiply defined.


LaTeX Warning: Label `see-also' multiply defined.


LaTeX Warning: Label `name' multiply defined.


LaTeX Warning: Label `synopsis' multiply defined.


LaTeX Warning: Label `description' multiply defined.


LaTeX Warning: Label `exit-status' multiply defined.


LaTeX Warning: Label `see-also' multiply defined.


LaTeX Warning: Label `name' multiply defined.


LaTeX Warning: Label `synopsis' multiply defined.


LaTeX Warning: Label `description' multiply defined.


LaTeX Warning: Label `exit-status' multiply defined.


LaTeX Warning: Label `see-also' multiply defined.


LaTeX Warning: Label `name' multiply defined.


LaTeX Warning: Label `synopsis' multiply defined.


LaTeX Warning: Label `description' multiply defined.


LaTeX Warning: Label `exit-status' multiply defined.


LaTeX Warning: Label `see-also' multiply defined.


LaTeX Warning: Label `name' multiply defined.


LaTeX Warning: Label `synopsis' multiply defined.


LaTeX Warning: Label `description' multiply defined.


LaTeX Warning: Label `exit-status' multiply defined.


LaTeX Warning: Label `see-also' multiply defined.


LaTeX Warning: Label `name' multiply defined.


LaTeX Warning: Label `synopsis' multiply defined.


LaTeX Warning: Label `description' multiply defined.


LaTeX Warning: Label `exit-status' multiply defined.


LaTeX Warning: Label `see-also' multiply defined.


LaTeX Warning: Label `name' multiply defined.


LaTeX Warning: Label `synopsis' multiply defined.


LaTeX Warning: Label `description' multiply defined.


LaTeX Warning: Label `exit-status' multiply defined.


LaTeX Warning: Label `see-also' multiply defined.


LaTeX Warning: Label `name' multiply defined.


LaTeX Warning: Label `synopsis' multiply defined.


LaTeX Warning: Label `description' multiply defined.


LaTeX Warning: Label `exit-status' multiply defined.


LaTeX Warning: Label `see-also' multiply defined.


LaTeX Warning: Label `name' multiply defined.


LaTeX Warning: Label `synopsis' multiply defined.


LaTeX Warning: Label `description' multiply defined.


LaTeX Warning: Label `exit-status' multiply defined.


LaTeX Warning: Label `see-also' multiply defined.


LaTeX Warning: Label `name' multiply defined.


LaTeX Warning: Label `synopsis' multiply defined.


LaTeX Warning: Label `description' multiply defined.


LaTeX Warning: Label `exit-status' multiply defined.


LaTeX Warning: Label `see-also' multiply defined.


LaTeX Warning: Label `name' multiply defined.


LaTeX Warning: Label `synopsis' multiply defined.


LaTeX Warning: Label `description' multiply defined.


LaTeX Warning: Label `exit-status' multiply defined.


LaTeX Warning: Label `see-also' multiply defined.


LaTeX Warning: Label `name' multiply defined.


LaTeX Warning: Label `synopsis' multiply defined.


LaTeX Warning: Label `description' multiply defined.


LaTeX Warning: Label `exit-status' multiply defined.


LaTeX Warning: Label `see-also' multiply defined.


LaTeX Warning: Label `name' multiply defined.


LaTeX Warning: Label `synopsis' multiply defined.


LaTeX Warning: Label `description' multiply defined.


LaTeX Warning: Label `exit-status' multiply defined.


LaTeX Warning: Label `see-also' multiply defined.


LaTeX Warning: Label `name' multiply defined.


LaTeX Warning: Label `synopsis' multiply defined.


LaTeX Warning: Label `description' multiply defined.


LaTeX Warning: Label `exit-status' multiply defined.


LaTeX Warning: Label `see-also' multiply defined.


LaTeX Warning: Label `name' multiply defined.


LaTeX Warning: Label `synopsis' multiply defined.


LaTeX Warning: Label `description' multiply defined.


LaTeX Warning: Label `exit-status' multiply defined.


LaTeX Warning: Label `see-also' multiply defined.


LaTeX Warning: Label `name' multiply defined.


LaTeX Warning: Label `synopsis' multiply defined.


LaTeX Warning: Label `description' multiply defined.


LaTeX Warning: Label `exit-status' multiply defined.


LaTeX Warning: Label `see-also' multiply defined.


LaTeX Warning: Label `name' multiply defined.


LaTeX Warning: Label `synopsis' multiply defined.


LaTeX Warning: Label `description' multiply defined.


LaTeX Warning: Label `exit-status' multiply defined.


LaTeX Warning: Label `see-also' multiply defined.


LaTeX Warning: Label `name' multiply defined.


LaTeX Warning: Label `synopsis' multiply defined.


LaTeX Warning: Label `description' multiply defined.


LaTeX Warning: Label `exit-status' multiply defined.


LaTeX Warning: Label `see-also' multiply defined.


LaTeX Warning: Label `name' multiply defined.


LaTeX Warning: Label `synopsis' multiply defined.


LaTeX Warning: Label `description' multiply defined.


LaTeX Warning: Label `exit-status' multiply defined.


LaTeX Warning: Label `see-also' multiply defined.


LaTeX Warning: Label `name' multiply defined.


LaTeX Warning: Label `synopsis' multiply defined.


LaTeX Warning: Label `description' multiply defined.


LaTeX Warning: Label `exit-status' multiply defined.


LaTeX Warning: Label `see-also' multiply defined.


LaTeX Warning: Label `name' multiply defined.


LaTeX Warning: Label `synopsis' multiply defined.


LaTeX Warning: Label `description' multiply defined.


LaTeX Warning: Label `exit-status' multiply defined.


LaTeX Warning: Label `see-also' multiply defined.


LaTeX Warning: Label `name' multiply defined.


LaTeX Warning: Label `synopsis' multiply defined.


LaTeX Warning: Label `description' multiply defined.


LaTeX Warning: Label `exit-status' multiply defined.


LaTeX Warning: Label `see-also' multiply defined.


LaTeX Warning: Label `name' multiply defined.


LaTeX Warning: Label `synopsis' multiply defined.


LaTeX Warning: Label `description' multiply defined.


LaTeX Warning: Label `exit-status' multiply defined.


LaTeX Warning: Label `see-also' multiply defined.


LaTeX Warning: Label `name' multiply defined.


LaTeX Warning: Label `synopsis' multiply defined.


LaTeX Warning: Label `description' multiply defined.


LaTeX Warning: Label `exit-status' multiply defined.


LaTeX Warning: Label `see-also' multiply defined.


LaTeX Warning: Label `name' multiply defined.


LaTeX Warning: Label `synopsis' multiply defined.


LaTeX Warning: Label `description' multiply defined.


LaTeX Warning: Label `exit-status' multiply defined.


LaTeX Warning: Label `see-also' multiply defined.


LaTeX Warning: Label `name' multiply defined.


LaTeX Warning: Label `synopsis' multiply defined.


LaTeX Warning: Label `description' multiply defined.


LaTeX Warning: Label `exit-status' multiply defined.


LaTeX Warning: Label `see-also' multiply defined.


LaTeX Warning: Label `name' multiply defined.


LaTeX Warning: Label `synopsis' multiply defined.


LaTeX Warning: Label `description' multiply defined.


LaTeX Warning: Label `exit-status' multiply defined.


LaTeX Warning: Label `see-also' multiply defined.


LaTeX Warning: Label `name' multiply defined.


LaTeX Warning: Label `synopsis' multiply defined.


LaTeX Warning: Label `description' multiply defined.


LaTeX Warning: Label `exit-status' multiply defined.


LaTeX Warning: Label `see-also' multiply defined.


LaTeX Warning: Label `name' multiply defined.


LaTeX Warning: Label `synopsis' multiply defined.


LaTeX Warning: Label `description' multiply defined.


LaTeX Warning: Label `exit-status' multiply defined.


LaTeX Warning: Label `see-also' multiply defined.


LaTeX Warning: Label `name' multiply defined.


LaTeX Warning: Label `synopsis' multiply defined.


LaTeX Warning: Label `description' multiply defined.


LaTeX Warning: Label `exit-status' multiply defined.


LaTeX Warning: Label `see-also' multiply defined.


LaTeX Warning: Label `name' multiply defined.


LaTeX Warning: Label `synopsis' multiply defined.


LaTeX Warning: Label `description' multiply defined.


LaTeX Warning: Label `see-also' multiply defined.


LaTeX Warning: Label `name' multiply defined.


LaTeX Warning: Label `synopsis' multiply defined.


LaTeX Warning: Label `description' multiply defined.


LaTeX Warning: Label `exit-status' multiply defined.


LaTeX Warning: Label `see-also' multiply defined.


LaTeX Warning: Label `name' multiply defined.


LaTeX Warning: Label `synopsis' multiply defined.


LaTeX Warning: Label `description' multiply defined.


LaTeX Warning: Label `exit-status' multiply defined.


LaTeX Warning: Label `see-also' multiply defined.


LaTeX Warning: Label `name' multiply defined.


LaTeX Warning: Label `synopsis' multiply defined.


LaTeX Warning: Label `description' multiply defined.


LaTeX Warning: Label `exit-status' multiply defined.


LaTeX Warning: Label `see-also' multiply defined.


LaTeX Warning: Label `name' multiply defined.


LaTeX Warning: Label `synopsis' multiply defined.


LaTeX Warning: Label `description' multiply defined.


LaTeX Warning: Label `exit-status' multiply defined.


LaTeX Warning: Label `see-also' multiply defined.


LaTeX Warning: Label `name' multiply defined.


LaTeX Warning: Label `synopsis' multiply defined.


LaTeX Warning: Label `description' multiply defined.


LaTeX Warning: Label `exit-status' multiply defined.


LaTeX Warning: Label `see-also' multiply defined.


LaTeX Warning: Label `name' multiply defined.


LaTeX Warning: Label `synopsis' multiply defined.


LaTeX Warning: Label `description' multiply defined.


LaTeX Warning: Label `exit-status' multiply defined.


LaTeX Warning: Label `see-also' multiply defined.


LaTeX Warning: Label `name' multiply defined.


LaTeX Warning: Label `synopsis' multiply defined.


LaTeX Warning: Label `description' multiply defined.


LaTeX Warning: Label `exit-status' multiply defined.


LaTeX Warning: Label `see-also' multiply defined.


LaTeX Warning: Label `name' multiply defined.


LaTeX Warning: Label `synopsis' multiply defined.


LaTeX Warning: Label `description' multiply defined.


LaTeX Warning: Label `exit-status' multiply defined.


LaTeX Warning: Label `see-also' multiply defined.


LaTeX Warning: Label `name' multiply defined.


LaTeX Warning: Label `synopsis' multiply defined.


LaTeX Warning: Label `description' multiply defined.


LaTeX Warning: Label `exit-status' multiply defined.


LaTeX Warning: Label `see-also' multiply defined.


LaTeX Warning: Label `name' multiply defined.


LaTeX Warning: Label `synopsis' multiply defined.


LaTeX Warning: Label `description' multiply defined.


LaTeX Warning: Label `exit-status' multiply defined.


LaTeX Warning: Label `see-also' multiply defined.


LaTeX Warning: Label `name' multiply defined.


LaTeX Warning: Label `synopsis' multiply defined.


LaTeX Warning: Label `description' multiply defined.


LaTeX Warning: Label `exit-status' multiply defined.


LaTeX Warning: Label `see-also' multiply defined.


LaTeX Warning: Label `name' multiply defined.


LaTeX Warning: Label `synopsis' multiply defined.


LaTeX Warning: Label `description' multiply defined.


LaTeX Warning: Label `exit-status' multiply defined.


LaTeX Warning: Label `see-also' multiply defined.


LaTeX Warning: Label `name' multiply defined.


LaTeX Warning: Label `synopsis' multiply defined.


LaTeX Warning: Label `description' multiply defined.


LaTeX Warning: Label `exit-status' multiply defined.


LaTeX Warning: Label `see-also' multiply defined.


LaTeX Warning: Label `name' multiply defined.


LaTeX Warning: Label `synopsis' multiply defined.


LaTeX Warning: Label `description' multiply defined.


LaTeX Warning: Label `exit-status' multiply defined.


LaTeX Warning: Label `see-also' multiply defined.


LaTeX Warning: Label `name' multiply defined.


LaTeX Warning: Label `synopsis' multiply defined.


LaTeX Warning: Label `description' multiply defined.


LaTeX Warning: Label `exit-status' multiply defined.


LaTeX Warning: Label `see-also' multiply defined.


LaTeX Warning: Label `name' multiply defined.


LaTeX Warning: Label `synopsis' multiply defined.


LaTeX Warning: Label `description' multiply defined.


LaTeX Warning: Label `exit-status' multiply defined.


LaTeX Warning: Label `see-also' multiply defined.


LaTeX Warning: Label `name' multiply defined.


LaTeX Warning: Label `synopsis' multiply defined.


LaTeX Warning: Label `description' multiply defined.


LaTeX Warning: Label `exit-status' multiply defined.


LaTeX Warning: Label `see-also' multiply defined.


LaTeX Warning: Label `name' multiply defined.


LaTeX Warning: Label `synopsis' multiply defined.


LaTeX Warning: Label `description' multiply defined.


LaTeX Warning: Label `exit-status' multiply defined.


LaTeX Warning: Label `see-also' multiply defined.


LaTeX Warning: Label `name' multiply defined.


LaTeX Warning: Label `synopsis' multiply defined.


LaTeX Warning: Label `description' multiply defined.


LaTeX Warning: Label `exit-status' multiply defined.


LaTeX Warning: Label `see-also' multiply defined.


LaTeX Warning: Label `name' multiply defined.


LaTeX Warning: Label `synopsis' multiply defined.


LaTeX Warning: Label `description' multiply defined.


LaTeX Warning: Label `exit-status' multiply defined.


LaTeX Warning: Label `see-also' multiply defined.


LaTeX Warning: Label `name' multiply defined.


LaTeX Warning: Label `synopsis' multiply defined.


LaTeX Warning: Label `description' multiply defined.


LaTeX Warning: Label `exit-status' multiply defined.


LaTeX Warning: Label `see-also' multiply defined.


LaTeX Warning: Label `name' multiply defined.


LaTeX Warning: Label `synopsis' multiply defined.


LaTeX Warning: Label `description' multiply defined.


LaTeX Warning: Label `exit-status' multiply defined.


LaTeX Warning: Label `see-also' multiply defined.


LaTeX Warning: Label `name' multiply defined.


LaTeX Warning: Label `synopsis' multiply defined.


LaTeX Warning: Label `description' multiply defined.


LaTeX Warning: Label `exit-status' multiply defined.


LaTeX Warning: Label `see-also' multiply defined.


LaTeX Warning: Label `name' multiply defined.


LaTeX Warning: Label `synopsis' multiply defined.


LaTeX Warning: Label `description' multiply defined.


LaTeX Warning: Label `exit-status' multiply defined.


LaTeX Warning: Label `see-also' multiply defined.


LaTeX Warning: Label `name' multiply defined.


LaTeX Warning: Label `synopsis' multiply defined.


LaTeX Warning: Label `description' multiply defined.


LaTeX Warning: Label `exit-status' multiply defined.


LaTeX Warning: Label `see-also' multiply defined.


LaTeX Warning: Label `name' multiply defined.


LaTeX Warning: Label `synopsis' multiply defined.


LaTeX Warning: Label `description' multiply defined.


LaTeX Warning: Label `exit-status' multiply defined.


LaTeX Warning: Label `see-also' multiply defined.


LaTeX Warning: Label `name' multiply defined.


LaTeX Warning: Label `synopsis' multiply defined.


LaTeX Warning: Label `description' multiply defined.


LaTeX Warning: Label `exit-status' multiply defined.


LaTeX Warning: Label `see-also' multiply defined.


LaTeX Warning: Label `name' multiply defined.


LaTeX Warning: Label `synopsis' multiply defined.


LaTeX Warning: Label `description' multiply defined.


LaTeX Warning: Label `exit-status' multiply defined.


LaTeX Warning: Label `see-also' multiply defined.


LaTeX Warning: Label `name' multiply defined.


LaTeX Warning: Label `synopsis' multiply defined.


LaTeX Warning: Label `description' multiply defined.


LaTeX Warning: Label `exit-status' multiply defined.


LaTeX Warning: Label `see-also' multiply defined.


LaTeX Warning: Label `name' multiply defined.


LaTeX Warning: Label `synopsis' multiply defined.


LaTeX Warning: Label `description' multiply defined.


LaTeX Warning: Label `exit-status' multiply defined.


LaTeX Warning: Label `see-also' multiply defined.


LaTeX Warning: Label `name' multiply defined.


LaTeX Warning: Label `synopsis' multiply defined.


LaTeX Warning: Label `description' multiply defined.


LaTeX Warning: Label `exit-status' multiply defined.


LaTeX Warning: Label `see-also' multiply defined.


LaTeX Warning: Label `name' multiply defined.


LaTeX Warning: Label `synopsis' multiply defined.


LaTeX Warning: Label `description' multiply defined.


LaTeX Warning: Label `exit-status' multiply defined.


LaTeX Warning: Label `see-also' multiply defined.


LaTeX Warning: Label `name' multiply defined.


LaTeX Warning: Label `synopsis' multiply defined.


LaTeX Warning: Label `description' multiply defined.


LaTeX Warning: Label `exit-status' multiply defined.


LaTeX Warning: Label `see-also' multiply defined.


LaTeX Warning: Label `name' multiply defined.


LaTeX Warning: Label `synopsis' multiply defined.


LaTeX Warning: Label `description' multiply defined.


LaTeX Warning: Label `exit-status' multiply defined.


LaTeX Warning: Label `see-also' multiply defined.


LaTeX Warning: Label `name' multiply defined.


LaTeX Warning: Label `synopsis' multiply defined.


LaTeX Warning: Label `description' multiply defined.


LaTeX Warning: Label `exit-status' multiply defined.


LaTeX Warning: Label `see-also' multiply defined.


LaTeX Warning: Label `name' multiply defined.


LaTeX Warning: Label `synopsis' multiply defined.


LaTeX Warning: Label `description' multiply defined.


LaTeX Warning: Label `exit-status' multiply defined.


LaTeX Warning: Label `see-also' multiply defined.


LaTeX Warning: Label `name' multiply defined.


LaTeX Warning: Label `synopsis' multiply defined.


LaTeX Warning: Label `description' multiply defined.


LaTeX Warning: Label `exit-status' multiply defined.


LaTeX Warning: Label `see-also' multiply defined.


LaTeX Warning: Label `name' multiply defined.


LaTeX Warning: Label `synopsis' multiply defined.


LaTeX Warning: Label `description' multiply defined.


LaTeX Warning: Label `exit-status' multiply defined.


LaTeX Warning: Label `see-also' multiply defined.


LaTeX Warning: Label `name' multiply defined.


LaTeX Warning: Label `synopsis' multiply defined.


LaTeX Warning: Label `description' multiply defined.


LaTeX Warning: Label `exit-status' multiply defined.


LaTeX Warning: Label `see-also' multiply defined.


LaTeX Warning: Label `name' multiply defined.


LaTeX Warning: Label `synopsis' multiply defined.


LaTeX Warning: Label `description' multiply defined.


LaTeX Warning: Label `exit-status' multiply defined.


LaTeX Warning: Label `see-also' multiply defined.


LaTeX Warning: Label `name' multiply defined.


LaTeX Warning: Label `synopsis' multiply defined.


LaTeX Warning: Label `description' multiply defined.


LaTeX Warning: Label `exit-status' multiply defined.


LaTeX Warning: Label `see-also' multiply defined.


LaTeX Warning: Label `name' multiply defined.


LaTeX Warning: Label `synopsis' multiply defined.


LaTeX Warning: Label `description' multiply defined.


LaTeX Warning: Label `exit-status' multiply defined.


LaTeX Warning: Label `see-also' multiply defined.


LaTeX Warning: Label `name' multiply defined.


LaTeX Warning: Label `synopsis' multiply defined.


LaTeX Warning: Label `description' multiply defined.


LaTeX Warning: Label `supported-primitives' multiply defined.


LaTeX Warning: Label `exit-status' multiply defined.


LaTeX Warning: Label `see-also' multiply defined.


LaTeX Warning: Label `name' multiply defined.


LaTeX Warning: Label `synopsis' multiply defined.


LaTeX Warning: Label `description' multiply defined.


LaTeX Warning: Label `exit-status' multiply defined.


LaTeX Warning: Label `see-also' multiply defined.


LaTeX Warning: Label `name' multiply defined.


LaTeX Warning: Label `synopsis' multiply defined.


LaTeX Warning: Label `description' multiply defined.


LaTeX Warning: Label `exit-status' multiply defined.


LaTeX Warning: Label `see-also' multiply defined.


LaTeX Warning: Label `name' multiply defined.


LaTeX Warning: Label `synopsis' multiply defined.


LaTeX Warning: Label `description' multiply defined.


LaTeX Warning: Label `exit-status' multiply defined.


LaTeX Warning: Label `see-also' multiply defined.


LaTeX Warning: Label `name' multiply defined.


LaTeX Warning: Label `synopsis' multiply defined.


LaTeX Warning: Label `description' multiply defined.


LaTeX Warning: Label `exit-status' multiply defined.


LaTeX Warning: Label `see-also' multiply defined.


LaTeX Warning: Label `name' multiply defined.


LaTeX Warning: Label `synopsis' multiply defined.


LaTeX Warning: Label `description' multiply defined.


LaTeX Warning: Label `exit-status' multiply defined.


LaTeX Warning: Label `see-also' multiply defined.


LaTeX Warning: Label `name' multiply defined.


LaTeX Warning: Label `synopsis' multiply defined.


LaTeX Warning: Label `description' multiply defined.


LaTeX Warning: Label `exit-status' multiply defined.


LaTeX Warning: Label `see-also' multiply defined.

)
\openout1 = `readme.aux'.

LaTeX Font Info:    Checking defaults for OML/cmm/m/it on input line 23.
LaTeX Font Info:    ... okay on input line 23.
LaTeX Font Info:    Checking defaults for OMS/cmsy/m/n on input line 23.
LaTeX Font Info:    ... okay on input line 23.
LaTeX Font Info:    Checking defaults for OT1/cmr/m/n on input line 23.
LaTeX Font Info:    ... okay on input line 23.
LaTeX Font Info:    Checking defaults for T1/cmr/m/n on input line 23.
LaTeX Font Info:    ... okay on input line 23.
LaTeX Font Info:    Checking defaults for TS1/cmr/m/n on input line 23.
LaTeX Font Info:    Trying to load font information for TS1+cmr on input line 2
3.
 (/usr/share/texlive/texmf-dist/tex/latex/base/ts1cmr.fd
File: ts1cmr.fd 2022/07/10 v2.5l Standard LaTeX font definitions
)
LaTeX Font Info:    ... okay on input line 23.
LaTeX Font Info:    Checking defaults for TU/lmr/m/n on input line 23.
LaTeX Font Info:    ... okay on input line 23.
LaTeX Font Info:    Checking defaults for OMX/cmex/m/n on input line 23.
LaTeX Font Info:    ... okay on input line 23.
LaTeX Font Info:    Checking defaults for U/cmr/m/n on input line 23.
LaTeX Font Info:    ... okay on input line 23.
LaTeX Font Info:    Checking defaults for T3/cmr/m/n on input line 23.
LaTeX Font Info:    Trying to load font information for T3+cmr on input line 23
.

(/usr/share/texlive/texmf-dist/tex/latex/tipa/t3cmr.fd
File: t3cmr.fd 2001/12/31 TIPA font definitions
)
LaTeX Font Info:    ... okay on input line 23.
LaTeX Font Info:    Checking defaults for PD1/pdf/m/n on input line 23.
LaTeX Font Info:    ... okay on input line 23.
LaTeX Font Info:    Checking defaults for PU/pdf/m/n on input line 23.
LaTeX Font Info:    ... okay on input line 23.

Package fontspec Info: Adjusting the maths setup (use [no-math] to avoid
(fontspec)             this).

\symlegacymaths=\mathgroup6
LaTeX Font Info:    Overwriting symbol font `legacymaths' in version `bold'
(Font)                  OT1/cmr/m/n --> OT1/cmr/bx/n on input line 23.
LaTeX Font Info:    Redeclaring math accent \acute on input line 23.
LaTeX Font Info:    Redeclaring math accent \grave on input line 23.
LaTeX Font Info:    Redeclaring math accent \ddot on input line 23.
LaTeX Font Info:    Redeclaring math accent \tilde on input line 23.
LaTeX Font Info:    Redeclaring math accent \bar on input line 23.
LaTeX Font Info:    Redeclaring math accent \breve on input line 23.
LaTeX Font Info:    Redeclaring math accent \check on input line 23.
LaTeX Font Info:    Redeclaring math accent \hat on input line 23.
LaTeX Font Info:    Redeclaring math accent \dot on input line 23.
LaTeX Font Info:    Redeclaring math accent \mathring on input line 23.
LaTeX Font Info:    Redeclaring math symbol \Gamma on input line 23.
LaTeX Font Info:    Redeclaring math symbol \Delta on input line 23.
LaTeX Font Info:    Redeclaring math symbol \Theta on input line 23.
LaTeX Font Info:    Redeclaring math symbol \Lambda on input line 23.
LaTeX Font Info:    Redeclaring math symbol \Xi on input line 23.
LaTeX Font Info:    Redeclaring math symbol \Pi on input line 23.
LaTeX Font Info:    Redeclaring math symbol \Sigma on input line 23.
LaTeX Font Info:    Redeclaring math symbol \Upsilon on input line 23.
LaTeX Font Info:    Redeclaring math symbol \Phi on input line 23.
LaTeX Font Info:    Redeclaring math symbol \Psi on input line 23.
LaTeX Font Info:    Redeclaring math symbol \Omega on input line 23.
LaTeX Font Info:    Redeclaring math symbol \mathdollar on input line 23.
LaTeX Font Info:    Redeclaring symbol font `operators' on input line 23.
LaTeX Font Info:    Encoding `OT1' has changed to `TU' for symbol font
(Font)              `operators' in the math version `normal' on input line 23.
LaTeX Font Info:    Overwriting symbol font `operators' in version `normal'
(Font)                  OT1/cmr/m/n --> TU/lmr/m/n on input line 23.
LaTeX Font Info:    Encoding `OT1' has changed to `TU' for symbol font
(Font)              `operators' in the math version `bold' on input line 23.
LaTeX Font Info:    Overwriting symbol font `operators' in version `bold'
(Font)                  OT1/cmr/bx/n --> TU/lmr/m/n on input line 23.
LaTeX Font Info:    Overwriting symbol font `operators' in version `normal'
(Font)                  TU/lmr/m/n --> TU/lmr/m/n on input line 23.
LaTeX Font Info:    Overwriting math alphabet `\mathit' in version `normal'
(Font)                  OT1/cmr/m/it --> TU/lmr/m/it on input line 23.
LaTeX Font Info:    Overwriting math alphabet `\mathbf' in version `normal'
(Font)                  OT1/cmr/bx/n --> TU/lmr/b/n on input line 23.
LaTeX Font Info:    Overwriting math alphabet `\mathsf' in version `normal'
(Font)                  OT1/cmss/m/n --> TU/lmss/m/n on input line 23.
LaTeX Font Info:    Overwriting math alphabet `\mathtt' in version `normal'
(Font)                  OT1/cmtt/m/n --> TU/lmtt/m/n on input line 23.
LaTeX Font Info:    Overwriting symbol font `operators' in version `bold'
(Font)                  TU/lmr/m/n --> TU/lmr/b/n on input line 23.
LaTeX Font Info:    Overwriting math alphabet `\mathit' in version `bold'
(Font)                  OT1/cmr/bx/it --> TU/lmr/b/it on input line 23.
LaTeX Font Info:    Overwriting math alphabet `\mathsf' in version `bold'
(Font)                  OT1/cmss/bx/n --> TU/lmss/b/n on input line 23.
LaTeX Font Info:    Overwriting math alphabet `\mathtt' in version `bold'
(Font)                  OT1/cmtt/m/n --> TU/lmtt/b/n on input line 23.
The property list \__xpg_alias contains the pairs (without outer braces):
>  {latex/target}  =>  {latex}
>  {english/target}  =>  {english}
>  {en/target}  =>  {english}
>  {en-AU/target}  =>  {english}
>  {en-AU/variant}  =>  {australian}
>  {en-AU/options}  =>  {variant=australian}
>  {en-CA/target}  =>  {english}
>  {en-CA/variant}  =>  {canadian}
>  {en-CA/options}  =>  {variant=canadian}
>  {en-GB/target}  =>  {english}
>  {en-GB/variant}  =>  {british}
>  {en-GB/options}  =>  {variant=british}
>  {en-NZ/target}  =>  {english}
>  {en-NZ/variant}  =>  {newzealand}
>  {en-NZ/options}  =>  {variant=newzealand}
>  {en-US/target}  =>  {english}
>  {en-US/variant}  =>  {us}
>  {en-US/options}  =>  {variant=us}
>  {american/target}  =>  {english}
>  {american/variant}  =>  {us}
>  {american/options}  =>  {variant=us}
>  {australian/target}  =>  {english}
>  {australian/variant}  =>  {australian}
>  {australian/options}  =>  {variant=australian}
>  {british/target}  =>  {english}
>  {british/variant}  =>  {british}
>  {british/options}  =>  {variant=british}
>  {canadian/target}  =>  {english}
>  {canadian/variant}  =>  {canadian}
>  {canadian/options}  =>  {variant=canadian}
>  {newzealand/target}  =>  {english}
>  {newzealand/variant}  =>  {newzealand}
>  {newzealand/options}  =>  {variant=newzealand}.
LaTeX Info: Redefining \microtypecontext on input line 23.
Package microtype Info: Applying patch `item' on input line 23.
Package microtype Info: Applying patch `toc' on input line 23.
Package microtype Info: Applying patch `eqnum' on input line 23.
Package microtype Info: Applying patch `footnote' on input line 23.
Package microtype Info: Applying patch `verbatim' on input line 23.
Package microtype Info: Character protrusion enabled (level 2).
Package microtype Info: Using protrusion set `basicmath'.
Package microtype Info: No adjustment of tracking.
Package microtype Info: No adjustment of spacing.
Package microtype Info: No adjustment of kerning.

(/usr/share/texlive/texmf-dist/tex/latex/microtype/mt-LatinModernRoman.cfg
File: mt-LatinModernRoman.cfg 2021/02/21 v1.1 microtype config. file: Latin Mod
ern Roman (RS)
)
Package hyperref Info: Link coloring ON on input line 23.

(tmp/readme.out) (tmp/readme.out)
\@outlinefile=\write4
\openout4 = `readme.out'.

LaTeX Info: Redefining \rmfamily on input line 23.
LaTeX Info: Redefining \sffamily on input line 23.
LaTeX Info: Redefining \ttfamily on input line 23.
LaTeX Font Info:    Trying to load font information for U+msa on input line 36.


(/usr/share/texlive/texmf-dist/tex/latex/amsfonts/umsa.fd
File: umsa.fd 2013/01/14 v3.01 AMS symbols A
)
(/usr/share/texlive/texmf-dist/tex/latex/microtype/mt-msa.cfg
File: mt-msa.cfg 2006/02/04 v1.1 microtype config. file: AMS symbols (a) (RS)
)
LaTeX Font Info:    Trying to load font information for U+msb on input line 36.


(/usr/share/texlive/texmf-dist/tex/latex/amsfonts/umsb.fd
File: umsb.fd 2013/01/14 v3.01 AMS symbols B
)
(/usr/share/texlive/texmf-dist/tex/latex/microtype/mt-msb.cfg
File: mt-msb.cfg 2005/06/01 v1.0 microtype config. file: AMS symbols (b) (RS)
)
(/usr/share/texlive/texmf-dist/tex/latex/microtype/mt-cmr.cfg
File: mt-cmr.cfg 2013/05/19 v2.2 microtype config. file: Computer Modern Roman 
(RS)
)

LaTeX Warning: No \author given.

[1

] (tmp/readme.toc
LaTeX Info: Redefining \rmfamily on input line 1.
LaTeX Info: Redefining \sffamily on input line 1.
LaTeX Info: Redefining \ttfamily on input line 1.
 [1

] [2] [3] [4])
\tf@toc=\write5
\openout5 = `readme.toc'.

 (./tmp/readme_all.tex [5]
Chapter 1.
[6

]
Underfull \hbox (badness 1102) in paragraph at lines 99--101
[]\TU/lmr/m/n/10 Added EMBREE_BACKFACE_CULLING_SPHERES cmake option.
 []

[7]
Overfull \hbox (59.90001pt too wide) in paragraph at lines 112--115
[]\TU/lmr/m/n/10 Fixed broken motion blur of RTC_GEOMETRY_TYPE_ROUND_LINEAR_CUR
VE
 []


Underfull \hbox (badness 1092) in paragraph at lines 151--154
[]\TU/lmr/m/n/10 rtcSetGeometryEnableFilterFunctionFromArguments enables argume
nt
 []


Overfull \hbox (12.2189pt too wide) in paragraph at lines 154--157
[]\TU/lmr/m/n/10 RTC_RAY_QUERY_FLAG_INVOKE_ARGUMENT_FILTER ray query
 []

[8]
Overfull \hbox (46.87pt too wide) in paragraph at lines 202--209
[]\TU/lmr/m/n/10 Improved self intersection avoidance for RTC_GEOMETRY_TYPE_DIS
C_POINT
 []


Overfull \hbox (130.56001pt too wide) in paragraph at lines 202--209
\TU/lmr/m/n/10 disabled at compile time using the EMBREE_DISC_POINT_SELF_INTERS
ECTION_AVOIDANCE
 []


Overfull \hbox (15.55pt too wide) in paragraph at lines 243--246
[]\TU/lmr/m/n/10 Bugfix in emulated ray packet intersection when EMBREE_RAY_PAC
KETS
 []

[9] [10]
Overfull \hbox (5.49892pt too wide) in paragraph at lines 349--354
[]\TU/lmr/m/n/10 Added EMBREE_BACKFACE_CULLING_CURVES cmake option. This
 []

[11] [12]
Overfull \hbox (1.07002pt too wide) in paragraph at lines 507--511
[]\TU/lmr/m/n/10 rtcCommitScene can now get called during rendering from multip
le threads
 []

[13]
Overfull \hbox (3.56001pt too wide) in paragraph at lines 595--598
[]\TU/lmr/m/n/10 Fixed self intersection avoidance for ray oriented discs when 
non-normalized
 []

[14]
Overfull \hbox (33.95999pt too wide) in paragraph at lines 694--697
[]\TU/lmr/m/n/10 Added EMBREE_CURVE_SELF_INTERSECTION_AVOIDANCE_FACTOR
 []

[15] [16]
Overfull \hbox (98.91891pt too wide) in paragraph at lines 827--830
[]\TU/lmr/m/n/10 Removed the RTC_MAX_USER_VERTEX_BUFFERS and RTC_MAX_INDEX_BUFF
ERS
 []

[17]
Overfull \hbox (33.70003pt too wide) in paragraph at lines 951--956
\TU/lmr/m/n/10 want stack-protectors disabled please turn off EMBREE_STACK_PROT
ECTOR
 []

[18] [19] [20] [21]
Overfull \hbox (1.33002pt too wide) in paragraph at lines 1279--1281
[]\TU/lmr/m/n/10 Reduced memory consumption for dynamic scenes containing small
 meshes. 
 []

[22] [23] [24] [25] [26]
Overfull \hbox (2.28pt too wide) in paragraph at lines 1628--1630
[]\TU/lmr/m/n/10 Added support for recording and replaying all \TU/lmtt/m/n/10 
rtcIntersect\TU/lmr/m/n/10 /\TU/lmtt/m/n/10 rtcOccluded
 []

[27] [28]
Chapter 2.
LaTeX Font Info:    Font shape `TU/lmtt/bx/n' in size <10> not available
(Font)              Font shape `TU/lmtt/b/n' tried instead on input line 1782.

Overfull \hbox (53.04283pt too wide) in paragraph at lines 1793--1799
\TU/lmr/m/n/10 The macOS version of Embree is also delivered as a ZIP file: [][
]embree-4.1.0.x86_64.macosx.zip[][].
 []

[29

] [30] [31]
Chapter 3.
[32

] [33] [34] [35]
Overfull \hbox (0.75201pt too wide) in paragraph at lines 2280--2283
[]\TU/lmr/m/n/10 Unfortunately, these compute runtime packages are only availab
le for Ubuntu
 []

[36] [37]
Overfull \hbox (3.4989pt too wide) in paragraph at lines 2478--2480
[]\TU/lmr/m/n/10 The \TU/lmtt/m/n/10 path_to_dpcpp_compiler \TU/lmr/m/n/10 shou
ld point to the unpacked oneAPI DPC++
 []

[38] [39]
Overfull \hbox (10.392pt too wide) in paragraph at lines 2624--2630
\TU/lmr/m/n/10 ahead of time for multiple devices, e.g. “XE_HPG_CORE,XE_HP_CORE
”.
 []

[40]
Overfull \hbox (1.73pt too wide) in paragraph at lines 1--2671
[]\TU/lmtt/m/n/10 EMBREE_BACKFACE_CULLING_SPHERES\TU/lmr/m/n/10 : Enables backf
ace culling for spheres,
 []

[41]
Overfull \hbox (28.425pt too wide) in paragraph at lines 1--2734
[]\TU/lmtt/m/n/10 EMBREE_ISA_AVX512\TU/lmr/m/n/10 : Enables AVX-512 for Skylake
 when EMBREE_MAX_ISA
 []

[42]
Overfull \hbox (25.47pt too wide) in paragraph at lines 1--2769
[]\TU/lmtt/m/n/10 EMBREE_DISC_POINT_SELF_INTERSECTION_AVOIDANCE\TU/lmr/m/n/10 :
 Enables self-intersection
 []

[43]
Chapter 4.
[44

] [45] [46] [47] [48]
Chapter 5.
[49

] [50] [51] [52] [53]
Chapter 6.
[54

] [55] [56]
Chapter 7.
[57

]
Overfull \hbox (3.74887pt too wide) in paragraph at lines 3471--3481
\TU/lmr/m/n/10 app does not use AVX instructions setting “frequency_level=simd1
28”
 []

[58] [59] [60] [61] [62] [63] [64] [65] [66]
Overfull \hbox (8.07pt too wide) in paragraph at lines 1--3853
[]\TU/lmtt/m/n/10 RTC_DEVICE_PROPERTY_BACKFACE_CULLING_ENABLED\TU/lmr/m/n/10 : 
Queries whether back
 []


Overfull \hbox (22.66pt too wide) in paragraph at lines 1--3858
[]\TU/lmtt/m/n/10 RTC_DEVICE_PROPERTY_BACKFACE_CULLING_CURVES_ENABLED\TU/lmr/m/
n/10 : Queries whether
 []


Underfull \hbox (badness 10000) in paragraph at lines 1--3863
[]\TU/lmtt/m/n/10 RTC_DEVICE_PROPERTY_BACKFACE_CULLING_SPHERES_ENABLED\TU/lmr/m
/n/10 : Queries
 []


Overfull \hbox (1.66pt too wide) in paragraph at lines 1--3875
[]\TU/lmtt/m/n/10 RTC_DEVICE_PROPERTY_IGNORE_INVALID_RAYS_ENABLED\TU/lmr/m/n/10
 : Queries whether
 []


Overfull \hbox (1.66pt too wide) in paragraph at lines 1--3879
[]\TU/lmtt/m/n/10 RTC_DEVICE_PROPERTY_TRIANGLE_GEOMETRY_SUPPORTED\TU/lmr/m/n/10
 : Queries whether
 []


Overfull \hbox (8.42pt too wide) in paragraph at lines 1--3883
[]\TU/lmtt/m/n/10 RTC_DEVICE_PROPERTY_QUAD_GEOMETRY_SUPPORTED\TU/lmr/m/n/10 : Q
ueries whether quads
 []


Overfull \hbox (17.41pt too wide) in paragraph at lines 1--3888
[]\TU/lmtt/m/n/10 RTC_DEVICE_PROPERTY_SUBDIVISION_GEOMETRY_SUPPORTED\TU/lmr/m/n
/10 : Queries whether
 []


Overfull \hbox (15.63pt too wide) in paragraph at lines 1--3892
[]\TU/lmtt/m/n/10 RTC_DEVICE_PROPERTY_CURVE_GEOMETRY_SUPPORTED\TU/lmr/m/n/10 : 
Queries whether curves
 []


Overfull \hbox (15.06pt too wide) in paragraph at lines 1--3896
[]\TU/lmtt/m/n/10 RTC_DEVICE_PROPERTY_POINT_GEOMETRY_SUPPORTED\TU/lmr/m/n/10 : 
Queries whether points
 []


Overfull \hbox (0.74pt too wide) in paragraph at lines 1--3900
[]\TU/lmtt/m/n/10 RTC_DEVICE_PROPERTY_USER_GEOMETRY_SUPPORTED\TU/lmr/m/n/10 : Q
ueries whether user
 []

[67]
Overfull \hbox (14.58pt too wide) in paragraph at lines 1--3919
[]\TU/lmtt/m/n/10 RTC_DEVICE_PROPERTY_JOIN_COMMIT_SUPPORTED\TU/lmr/m/n/10 : Que
ries whether \TU/lmtt/m/n/10 rtcJoin-
 []

[68] [69] [70] [71] [72] [73] [74] [75] [76] [77] [78] [79] [80] [81] [82]
Overfull \hbox (24.74pt too wide) in paragraph at lines 4604--4613
\TU/lmr/m/n/10 The alternative approach of using \TU/lmtt/m/n/10 rtcJoinCommitS
cene \TU/lmr/m/n/10 which uses an tbb:task_arena
 []

[83] [84] [85] [86] [87] [88]
Overfull \hbox (6.39001pt too wide) in paragraph at lines 1--4912
[]\TU/lmtt/m/n/10 RTC_SCENE_FLAG_COMPACT\TU/lmr/m/n/10 : Uses compact accelerat
ion structures and avoids
 []

[89] [90] [91] [92] [93] [94]
Overfull \hbox (3.14001pt too wide) in paragraph at lines 5157--5183
\TU/lmr/m/n/10 curve geometries with different bases (\TU/lmtt/m/n/10 RTC_GEOME
TRY_TYPE_FLAT_LINEAR_CURVE\TU/lmr/m/n/10 ,
 []


Underfull \hbox (badness 10000) in paragraph at lines 5157--5183
\TU/lmtt/m/n/10 RTC_GEOMETRY_TYPE_FLAT_BSPLINE_CURVE\TU/lmr/m/n/10 , \TU/lmtt/m
/n/10 RTC_GEOMETRY_TYPE_FLAT_HER-
 []


Overfull \hbox (1.25pt too wide) in paragraph at lines 5157--5183
\TU/lmtt/m/n/10 RTC_GEOMETRY_TYPE_FLAT_CATMULL_ROM_CURVE\TU/lmr/m/n/10 , \TU/lm
tt/m/n/10 RTC_GEOMETRY_TYPE_NORMAL_
 []


Underfull \hbox (badness 10000) in paragraph at lines 5157--5183
\TU/lmtt/m/n/10 ORIENTED_BEZIER_CURVE\TU/lmr/m/n/10 , \TU/lmtt/m/n/10 RTC_GEOME
TRY_TYPE_NORMAL_ORIENTED_BSPLINE_
 []


Underfull \hbox (badness 1043) in paragraph at lines 5157--5183
\TU/lmtt/m/n/10 CURVE\TU/lmr/m/n/10 , \TU/lmtt/m/n/10 RTC_GEOMETRY_TYPE_NORMAL_
ORIENTED_HERMITE_CURVE\TU/lmr/m/n/10 , \TU/lmtt/m/n/10 RTC_GEOME-
 []


Overfull \hbox (1.25pt too wide) in paragraph at lines 5157--5183
\TU/lmtt/m/n/10 TRY_TYPE_NORMAL_ORIENTED_CATMULL_ROM_CURVE\TU/lmr/m/n/10 , \TU/
lmtt/m/n/10 RTC_GEOMETRY_TYPE_CONE_
 []


Overfull \hbox (11.5pt too wide) in paragraph at lines 5157--5183
\TU/lmtt/m/n/10 LINEAR_CURVE\TU/lmr/m/n/10 , \TU/lmtt/m/n/10 RTC_GEOMETRY_TYPE_
ROUND_LINEAR_CURVE\TU/lmr/m/n/10 , \TU/lmtt/m/n/10 RTC_GEOMETRY_TYPE_
 []


Underfull \hbox (badness 1043) in paragraph at lines 5157--5183
\TU/lmtt/m/n/10 ROUND_BEZIER_CURVE\TU/lmr/m/n/10 , \TU/lmtt/m/n/10 RTC_GEOMETRY
_TYPE_ROUND_BSPLINE_CURVE\TU/lmr/m/n/10 , \TU/lmtt/m/n/10 RTC_GE-
 []


Underfull \hbox (badness 10000) in paragraph at lines 5157--5183
\TU/lmtt/m/n/10 OMETRY_TYPE_ROUND_HERMITE_CURVE\TU/lmr/m/n/10 , \TU/lmtt/m/n/10
 RTC_GEOMETRY_TYPE_ROUND_CATMULL_
 []


Overfull \hbox (3.27pt too wide) in paragraph at lines 5184--5193
[]\TU/lmr/m/n/10 The types \TU/lmtt/m/n/10 RTC_GEOMETRY_TYPE_ROUND_BEZIER_CURVE
\TU/lmr/m/n/10 , \TU/lmtt/m/n/10 RTC_GEOMETRY_TYPE_
 []


Underfull \hbox (badness 2460) in paragraph at lines 5184--5193
\TU/lmtt/m/n/10 RTC_GEOMETRY_TYPE_FLAT_BSPLINE_CURVE\TU/lmr/m/n/10 , and \TU/lm
tt/m/n/10 RTC_GEOMETRY_TYPE_FLAT_
 []

[95]
Overfull \hbox (46.95401pt too wide) in paragraph at lines 5236--5256
\TU/lmr/m/n/10 ometryBuildQuality[][], [][]rtcSetSceneBuildQuality[][], [][]RTC
_GEOMETRY_TYPE_TRIANGLE[][],
 []


Overfull \hbox (21.71999pt too wide) in paragraph at lines 5236--5256
[][]\TU/lmr/m/n/10 RTC_GEOMETRY_TYPE_QUAD[][], [][]RTC_GEOMETRY_TYPE_SUBDIVISIO
N[][],
 []


Overfull \hbox (155.48999pt too wide) in paragraph at lines 5236--5256
[][]\TU/lmr/m/n/10 RTC_GEOMETRY_TYPE_CURVE[][], [][]RTC_GEOMETRY_TYPE_GRID[][],
 [][]RTC_GEOMETRY_TYPE_POINT[][],
 []


Overfull \hbox (2.28001pt too wide) in paragraph at lines 5236--5256
[][]\TU/lmr/m/n/10 RTC_GEOMETRY_TYPE_USER[][], [][]RTC_GEOMETRY_TYPE_INSTANCE[]
[] 
 []

[96]

Package hyperref Warning: Suppressing empty link on input line 5314.

[97] [98]

Package hyperref Warning: Suppressing empty link on input line 5402.

[99] [100] [101] [102]
Overfull \hbox (19.16142pt too wide) in paragraph at lines 5505--5505
[]\TU/lmr/bx/n/14.4 RTC_GEOMETRY_TYPE_SUBDIVISION 
 []

[103] [104] [105] [106]
Underfull \hbox (badness 1264) in paragraph at lines 5778--5806
\TU/lmr/m/n/10 by passing \TU/lmtt/m/n/10 RTC_GEOMETRY_TYPE_FLAT_LINEAR_CURVE\T
U/lmr/m/n/10 , \TU/lmtt/m/n/10 RTC_GEOMETRY_TYPE_
 []


Underfull \hbox (badness 1043) in paragraph at lines 5778--5806
\TU/lmtt/m/n/10 FLAT_BEZIER_CURVE\TU/lmr/m/n/10 , \TU/lmtt/m/n/10 RTC_GEOMETRY_
TYPE_FLAT_BSPLINE_CURVE\TU/lmr/m/n/10 , \TU/lmtt/m/n/10 RTC_GEOM-
 []


Underfull \hbox (badness 10000) in paragraph at lines 5778--5806
\TU/lmtt/m/n/10 ETRY_TYPE_FLAT_HERMITE_CURVE\TU/lmr/m/n/10 , \TU/lmtt/m/n/10 RT
C_GEOMETRY_TYPE_FLAT_CATMULL_ROM_
 []


Underfull \hbox (badness 10000) in paragraph at lines 5778--5806
\TU/lmtt/m/n/10 NORMAL_ORIENTED_FLAT_HERMITE_CURVE\TU/lmr/m/n/10 , \TU/lmtt/m/n
/10 RTC_GEOMETRY_TYPE_NORMAL_ORI-
 []


Underfull \hbox (badness 6658) in paragraph at lines 5778--5806
\TU/lmtt/m/n/10 ENTED_FLAT_CATMULL_ROM_CURVE\TU/lmr/m/n/10 , \TU/lmtt/m/n/10 RT
C_GEOMETRY_TYPE_CONE_LINEAR_CURVE\TU/lmr/m/n/10 ,
 []


Overfull \hbox (11.75pt too wide) in paragraph at lines 5778--5806
\TU/lmtt/m/n/10 RTC_GEOMETRY_TYPE_ROUND_LINEAR_CURVE\TU/lmr/m/n/10 , \TU/lmtt/m
/n/10 RTC_GEOMETRY_TYPE_ROUND_BEZIER_
 []


Overfull \hbox (11.5pt too wide) in paragraph at lines 5778--5806
\TU/lmtt/m/n/10 CURVE\TU/lmr/m/n/10 , \TU/lmtt/m/n/10 RTC_GEOMETRY_TYPE_ROUND_B
SPLINE_CURVE\TU/lmr/m/n/10 , \TU/lmtt/m/n/10 RTC_GEOMETRY_TYPE_ROUND_
 []

[107] [108] [109]

LaTeX Warning: Hyper reference `buxe9zier-curves' on page 110 undefined on inpu
t line 5980.

[110] [111] [112] [113]
Underfull \hbox (badness 1694) in paragraph at lines 6157--6163
[][]\TU/lmr/m/n/10 rtcNewGeometry[][], [][]rtcSetGeometryUserPrimitiveCount[][]
, [][]rtcSetGeometryUser-
 []

[114] [115] [116] [117] [118] [119] [120] [121] [122] [123] [124] [125]
[126] [127] [128] [129] [130] [131] [132] [133] [134]
Overfull \hbox (49.47002pt too wide) in paragraph at lines 7150--7153
\TU/lmr/m/n/10 of layout RTCGrid when creating grid geometries (see [][]RTC_GEO
METRY_TYPE_GRID[][]). 
 []


Overfull \hbox (4.39401pt too wide) in paragraph at lines 7158--7162
[][]\TU/lmr/m/n/10 rtcSetGeometryBuffer[][], [][]rtcSetSharedGeometryBuffer[][]
, [][]rtcSetNewGeometryBuffer[][],
 []

[135]
Overfull \hbox (11.78pt too wide) in paragraph at lines 7221--7226
[]\TU/lmr/m/n/10 The \TU/lmtt/m/n/10 RTC_BUFFER_TYPE_NORMAL\TU/lmr/m/n/10 , \TU
/lmtt/m/n/10 RTC_BUFFER_TYPE_TANGENT\TU/lmr/m/n/10 , and \TU/lmtt/m/n/10 RTC_BU
FFER_
 []

[136]
Underfull \hbox (badness 1043) in paragraph at lines 7231--7239
\TU/lmtt/m/n/10 EDGE_CREASE_INDEX\TU/lmr/m/n/10 , \TU/lmtt/m/n/10 RTC_BUFFER_TY
PE_EDGE_CREASE_WEIGHT\TU/lmr/m/n/10 , \TU/lmtt/m/n/10 RTC_BUFFER_
 []


Overfull \hbox (0.17892pt too wide) in paragraph at lines 7231--7239
\TU/lmtt/m/n/10 RTC_BUFFER_TYPE_HOLE \TU/lmr/m/n/10 are special buffers require
d to create subdivision meshes
 []


Overfull \hbox (3.00401pt too wide) in paragraph at lines 7248--7251
[][]\TU/lmr/m/n/10 rtcSetGeometryBuffer[][], [][]rtcSetSharedGeometryBuffer[][]
, [][]rtcSetNewGeometryBuffer[][] 
 []

[137]
Overfull \hbox (3.00401pt too wide) in paragraph at lines 7293--7296
[][]\TU/lmr/m/n/10 rtcSetGeometryBuffer[][], [][]rtcSetSharedGeometryBuffer[][]
, [][]rtcSetNewGeometryBuffer[][] 
 []

[138] [139] [140] [141] [142]
Overfull \hbox (76.70381pt too wide) in paragraph at lines 7528--7528
[]\TU/lmr/bx/n/14.4 rtcSetGeometryEnableFilterFunctionFromArguments 
 []

[143] [144] [145] [146] [147] [148]
Overfull \hbox (3.12pt too wide) in paragraph at lines 7838--7841
\TU/lmr/m/n/10 defined primitives (\TU/lmtt/m/n/10 userPrimitiveCount \TU/lmr/m
/n/10 parameter) of the specified user-defined
 []

[149] [150] [151]
Overfull \hbox (0.50002pt too wide) in paragraph at lines 7984--7999
[]\TU/lmr/m/n/10 The registered callback function is invoked by \TU/lmtt/m/n/10
 rtcIntersect\TU/lmr/m/n/10 -type ray queries
 []

[152]
Underfull \hbox (badness 1571) in paragraph at lines 8049--8052
[][]\TU/lmr/m/n/10 rtcSetGeometryOccludedFunction[][], [][]rtcSetGeometryUserDa
ta[][], [][]rtcInvokeInter-
 []

[153] [154] [155] [156] [157] [158] [159] [160] [161] [162] [163]
Overfull \hbox (1.43002pt too wide) in paragraph at lines 8624--8631
\TU/lmr/m/n/10 The \TU/lmtt/m/n/10 rtcSetGeometryTessellationRate \TU/lmr/m/n/1
0 function sets the tessellation rate (\TU/lmtt/m/n/10 tes-
 []


Overfull \hbox (25.18999pt too wide) in paragraph at lines 8639--8641
[][]\TU/lmr/m/n/10 RTC_GEOMETRY_TYPE_CURVE[][], [][]RTC_GEOMETRY_TYPE_SUBDIVISI
ON[][] 
 []

[164]
Overfull \hbox (2.81pt too wide) in paragraph at lines 8688--8690
[][]\TU/lmr/m/n/10 RTC_GEOMETRY_TYPE_SUBDIVISION[][], [][]rtcSetGeometrySubdivi
sionMode[][] 
 []

[165] [166] [167] [168] [169] [170]

Package hyperref Warning: Suppressing empty link on input line 8946.


Underfull \hbox (badness 2057) in paragraph at lines 8966--8971
[][]\TU/lmr/m/n/10 rtcGetGeometryFirstHalfEdge[][], [][]rtcGetGeometryFace[][],
 [][]rtcGetGeometryOppo-
 []


Overfull \hbox (2.944pt too wide) in paragraph at lines 8966--8971
\TU/lmr/m/n/10 siteHalfEdge[][], [][]rtcGetGeometryNextHalfEdge[][], [][]rtcGet
GeometryPreviousHalfEdge[][] 
 []

[171]

Package hyperref Warning: Suppressing empty link on input line 9004.


Underfull \hbox (badness 2057) in paragraph at lines 9017--9022
[][]\TU/lmr/m/n/10 rtcGetGeometryFirstHalfEdge[][], [][]rtcGetGeometryFace[][],
 [][]rtcGetGeometryOppo-
 []


Overfull \hbox (2.944pt too wide) in paragraph at lines 9017--9022
\TU/lmr/m/n/10 siteHalfEdge[][], [][]rtcGetGeometryNextHalfEdge[][], [][]rtcGet
GeometryPreviousHalfEdge[][] 
 []

[172]

Package hyperref Warning: Suppressing empty link on input line 9055.


Underfull \hbox (badness 2057) in paragraph at lines 9068--9073
[][]\TU/lmr/m/n/10 rtcGetGeometryFirstHalfEdge[][], [][]rtcGetGeometryFace[][],
 [][]rtcGetGeometryOppo-
 []


Overfull \hbox (2.944pt too wide) in paragraph at lines 9068--9073
\TU/lmr/m/n/10 siteHalfEdge[][], [][]rtcGetGeometryNextHalfEdge[][], [][]rtcGet
GeometryPreviousHalfEdge[][] 
 []

[173]

Package hyperref Warning: Suppressing empty link on input line 9106.


Underfull \hbox (badness 2057) in paragraph at lines 9119--9124
[][]\TU/lmr/m/n/10 rtcGetGeometryFirstHalfEdge[][], [][]rtcGetGeometryFace[][],
 [][]rtcGetGeometryOppo-
 []


Overfull \hbox (2.944pt too wide) in paragraph at lines 9119--9124
\TU/lmr/m/n/10 siteHalfEdge[][], [][]rtcGetGeometryNextHalfEdge[][], [][]rtcGet
GeometryPreviousHalfEdge[][] 
 []

[174]

Package hyperref Warning: Suppressing empty link on input line 9159.


Underfull \hbox (badness 2057) in paragraph at lines 9176--9181
[][]\TU/lmr/m/n/10 rtcGetGeometryFirstHalfEdge[][], [][]rtcGetGeometryFace[][],
 [][]rtcGetGeometryOppo-
 []


Overfull \hbox (2.944pt too wide) in paragraph at lines 9176--9181
\TU/lmr/m/n/10 siteHalfEdge[][], [][]rtcGetGeometryNextHalfEdge[][], [][]rtcGet
GeometryPreviousHalfEdge[][] 
 []

[175] [176] [177] [178] [179] [180] [181] [182] [183] [184] [185] [186]
[187] [188] [189] [190] [191] [192]
Overfull \hbox (173.81001pt too wide) in paragraph at lines 10026--10029
[]\TU/lmr/m/n/10 RTC_FEATURE_FLAG_TRIANGLE: Enables triangle geometries (RTC_GE
OMETRY_TYPE_TRIANGLE). 
 []


Overfull \hbox (114.48001pt too wide) in paragraph at lines 10029--10032
[]\TU/lmr/m/n/10 RTC_FEATURE_FLAG_QUAD: Enables quad geometries (RTC_GEOMETRY_T
YPE_QUAD). 
 []

[193]
Overfull \hbox (102.42001pt too wide) in paragraph at lines 10032--10035
[]\TU/lmr/m/n/10 RTC_FEATURE_FLAG_GRID: Enables grid geometries (RTC_GEOMETRY_T
YPE_GRID). 
 []


Overfull \hbox (215.05pt too wide) in paragraph at lines 10047--10050
[]\TU/lmr/m/n/10 RTC_FEATURE_FLAG_FLAT_CURVES: Enables all flat curves (RTC_GEO
METRY_TYPE_FLAT_XXX_CURVE). 
 []


Overfull \hbox (113.29999pt too wide) in paragraph at lines 10050--10053
\TU/lmr/m/n/10 all normal oriented curves (RTC_GEOMETRY_TYPE_NORMAL_ORIENTED_XX
X_CURVE). 
 []


Overfull \hbox (11.26001pt too wide) in paragraph at lines 10059--10062
[]\TU/lmr/m/n/10 RTC_FEATURE_FLAG_BSPLINE_CURVES: Enables all B-spline curves
 []


Overfull \hbox (3.12001pt too wide) in paragraph at lines 10068--10071
\TU/lmr/m/n/10 linear curves (RTC_GEOMETRY_TYPE_ROUND_LINEAR_CURVE). 
 []


Overfull \hbox (4.49002pt too wide) in paragraph at lines 10074--10077
\TU/lmr/m/n/10 Bézier curves (RTC_GEOMETRY_TYPE_ROUND_BEZIER_CURVE). 
 []


Underfull \hbox (badness 10000) in paragraph at lines 10080--10084
[]\TU/lmr/m/n/10 RTC_FEATURE_FLAG_NORMAL_ORIENTED_BEZIER_CURVE:
 []


Overfull \hbox (181.43002pt too wide) in paragraph at lines 10080--10084
\TU/lmr/m/n/10 Enables normal oriented Bézier curves (RTC_GEOMETRY_TYPE_NORMAL_
ORIENTED_BEZIER_CURVE). 
 []


Overfull \hbox (18.70001pt too wide) in paragraph at lines 10084--10087
\TU/lmr/m/n/10 B-spline curves (RTC_GEOMETRY_TYPE_ROUND_BSPLINE_CURVE). 
 []

[194]
Overfull \hbox (3.3pt too wide) in paragraph at lines 10090--10094
[]\TU/lmr/m/n/10 RTC_FEATURE_FLAG_NORMAL_ORIENTED_BSPLINE_CURVE:
 []


Overfull \hbox (195.64001pt too wide) in paragraph at lines 10090--10094
\TU/lmr/m/n/10 Enables normal oriented B-spline curves (RTC_GEOMETRY_TYPE_NORMA
L_ORIENTED_BSPLINE_CURVE). 
 []


Overfull \hbox (3.39001pt too wide) in paragraph at lines 10094--10097
[]\TU/lmr/m/n/10 RTC_FEATURE_FLAG_ROUND_HERMITE_CURVE: Enables round
 []


Overfull \hbox (23.39pt too wide) in paragraph at lines 10094--10097
\TU/lmr/m/n/10 Hermite curves (RTC_GEOMETRY_TYPE_ROUND_HERMITE_CURVE). 
 []


Overfull \hbox (1.15pt too wide) in paragraph at lines 10097--10100
[]\TU/lmr/m/n/10 RTC_FEATURE_FLAG_FLAT_HERMITE_CURVE: Enables flat Her-
 []


Overfull \hbox (8.15999pt too wide) in paragraph at lines 10100--10104
[]\TU/lmr/m/n/10 RTC_FEATURE_FLAG_NORMAL_ORIENTED_HERMITE_CURVE:
 []


Overfull \hbox (200.33pt too wide) in paragraph at lines 10100--10104
\TU/lmr/m/n/10 Enables normal oriented Hermite curves (RTC_GEOMETRY_TYPE_NORMAL
_ORIENTED_HERMITE_CURVE). 
 []


Overfull \hbox (8.9pt too wide) in paragraph at lines 10104--10107
[]\TU/lmr/m/n/10 RTC_FEATURE_FLAG_ROUND_CATMULL_ROM_CURVE: Enables
 []


Overfull \hbox (107.43002pt too wide) in paragraph at lines 10104--10107
\TU/lmr/m/n/10 round Catmull Rom curves (RTC_GEOMETRY_TYPE_ROUND_CATMULL_ROM_CU
RVE). 
 []


Overfull \hbox (85.45pt too wide) in paragraph at lines 10107--10110
\TU/lmr/m/n/10 flat Catmull Rom curves (RTC_GEOMETRY_TYPE_FLAT_CATMULL_ROM_CURV
E). 
 []


Overfull \hbox (41.49pt too wide) in paragraph at lines 10110--10114
[]\TU/lmr/m/n/10 RTC_FEATURE_FLAG_NORMAL_ORIENTED_CATMULL_ROM_CURVE:
 []


Overfull \hbox (256.55002pt too wide) in paragraph at lines 10110--10114
\TU/lmr/m/n/10 Enables normal oriented Catmull Rom curves (RTC_GEOMETRY_TYPE_NO
RMAL_ORIENTED_CATMULL_ROM_CURVE). 
 []


Overfull \hbox (3.51999pt too wide) in paragraph at lines 10120--10123
[]\TU/lmr/m/n/10 RTC_FEATURE_FLAG_ORIENTED_DISC_POINT: Enables oriented
 []


Overfull \hbox (33.56001pt too wide) in paragraph at lines 10120--10123
\TU/lmr/m/n/10 disc geometry types (RTC_GEOMETRY_TYPE_ORIENTED_DISC_POINT). 
 []


Overfull \hbox (172.03001pt too wide) in paragraph at lines 10123--10126
[]\TU/lmr/m/n/10 RTC_FEATURE_FLAG_INSTANCE: Enables instance geometries (RTC_GE
OMETRY_TYPE_INSTANCE). 
 []


Overfull \hbox (10.85999pt too wide) in paragraph at lines 10126--10129
[]\TU/lmr/m/n/10 RTC_FEATURE_FLAG_FILTER_FUNCTION_IN_ARGUMENTS: En-
 []


Overfull \hbox (4.34pt too wide) in paragraph at lines 10129--10132
[]\TU/lmr/m/n/10 RTC_FEATURE_FLAG_FILTER_FUNCTION_IN_GEOMETRY: En-
 []


Overfull \hbox (3.44pt too wide) in paragraph at lines 10132--10135
[]\TU/lmr/m/n/10 RTC_FEATURE_FLAG_FILTER_FUNCTION: Enables filter functions
 []


Overfull \hbox (52.33pt too wide) in paragraph at lines 10135--10139
[]\TU/lmr/m/n/10 RTC_FEATURE_FLAG_USER_GEOMETRY_CALLBACK_IN_ARGUMENTS:
 []


Overfull \hbox (45.81001pt too wide) in paragraph at lines 10139--10143
[]\TU/lmr/m/n/10 RTC_FEATURE_FLAG_USER_GEOMETRY_CALLBACK_IN_GEOMETRY:
 []


Overfull \hbox (94.64pt too wide) in paragraph at lines 10143--10146
[]\TU/lmr/m/n/10 RTC_FEATURE_FLAG_USER_GEOMETRY: Enables RTC_GEOMETRY_TYPE_USER

 []

[195] [196] [197] [198] [199] [200] [201] [202] [203] [204] [205] [206]
[207] [208]
Overfull \hbox (3.97202pt too wide) in paragraph at lines 10790--10801
[]\TU/lmr/m/n/10 The \TU/lmtt/m/n/10 rtcOccluded4\TU/lmr/m/n/10 , \TU/lmtt/m/n/
10 rtcOccluded8 \TU/lmr/m/n/10 and \TU/lmtt/m/n/10 rtcOccluded16 \TU/lmr/m/n/10
 functions may change
 []

[209] [210] [211] [212] [213] [214] [215] [216] [217] [218] [219] [220]
Overfull \hbox (94.1pt too wide) in paragraph at lines 11307--11312
\TU/lmr/m/n/10 points (see [][]RTC_GEOMETRY_TYPE_POINT[][]), curves (see [][]RT
C_GEOMETRY_TYPE_CURVE[][])
 []

[221]
Overfull \hbox (97.35204pt too wide) in paragraph at lines 11379--11381
\TU/lmr/m/n/10 Currently, the only supported type is the user geometry type (se
e [][]RTC_GEOMETRY_TYPE_USER[][]). 
 []

[222] [223] [224] [225] [226] [227] [228] [229] [230]
Overfull \hbox (6.694pt too wide) in paragraph at lines 11789--11796
\TU/lmtt/m/n/10 positionSetQuaternion\TU/lmr/m/n/10 , \TU/lmtt/m/n/10 rtcQuater
nionDecompositionSetScale\TU/lmr/m/n/10 , \TU/lmtt/m/n/10 rtcQuater-
 []


Overfull \hbox (9.284pt too wide) in paragraph at lines 11789--11796
\TU/lmtt/m/n/10 nionDecompositionSetSkew\TU/lmr/m/n/10 , \TU/lmtt/m/n/10 rtcQua
ternionDecompositionSetShift\TU/lmr/m/n/10 , and \TU/lmtt/m/n/10 rtc-
 []

[231] [232] [233]
Chapter 8.
[234

] [235] [236]
Chapter 9.
[237

] [238]
Overfull \hbox (1.21483pt too wide) in paragraph at lines 12112--12115
\TU/lmr/m/n/10 compile flags: \TU/lmtt/m/n/10 -cl-intel-force-global-mem-alloca
tion   -cl-intel-
 []

[239]
Chapter 10.
[240

]
File: images/triangle_geometry.jpg Graphic file (type bmp)
<images/triangle_geometry.jpg>
 [241]
File: images/dynamic_scene.jpg Graphic file (type bmp)
<images/dynamic_scene.jpg>
 [242]
File: images/dynamic_scene.jpg Graphic file (type bmp)
<images/dynamic_scene.jpg>
 [243]
File: images/user_geometry.jpg Graphic file (type bmp)
<images/user_geometry.jpg>
 [244]
File: images/viewer.jpg Graphic file (type bmp)
<images/viewer.jpg>
 [245]
File: images/intersection_filter.jpg Graphic file (type bmp)
<images/intersection_filter.jpg>
 [246]
File: images/instanced_geometry.jpg Graphic file (type bmp)
<images/instanced_geometry.jpg>
 [247]
File: images/multi_level_instancing.jpg Graphic file (type bmp)
<images/multi_level_instancing.jpg>
 [248]
File: images/pathtracer.jpg Graphic file (type bmp)
<images/pathtracer.jpg>
 [249]
File: images/hair_geometry.jpg Graphic file (type bmp)
<images/hair_geometry.jpg>
 [250]
File: images/curve_geometry.jpg Graphic file (type bmp)
<images/curve_geometry.jpg>
 [251]
File: images/subdivision_geometry.jpg Graphic file (type bmp)
<images/subdivision_geometry.jpg>

[252]
File: images/displacement_geometry.jpg Graphic file (type bmp)
<images/displacement_geometry.jpg>
 [253]
File: images/grid_geometry.jpg Graphic file (type bmp)
<images/grid_geometry.jpg>
 [254]
File: images/point_geometry.jpg Graphic file (type bmp)
<images/point_geometry.jpg>
 [255]
File: images/motion_blur_geometry.jpg Graphic file (type bmp)
<images/motion_blur_geometry.jpg>
 [256]
File: images/quaternion_motion_blur.jpg Graphic file (type bmp)
<images/quaternion_motion_blur.jpg>
 [257]
File: images/interpolation.jpg Graphic file (type bmp)
<images/interpolation.jpg>
 [258]
File: images/closest_point.jpg Graphic file (type bmp)
<images/closest_point.jpg>
 [259]
File: images/voronoi.jpg Graphic file (type bmp)
<images/voronoi.jpg>
 [260]
File: images/collide.jpg Graphic file (type bmp)
<images/collide.jpg>
 [261] [262])
The property list \polyglossia@langsetup contains the pairs (without outer
braces):
>  {latex/script}  =>  {latin}
>  {latex/lcscript}  =>  {latin}
>  {latex/scripttag}  =>  {}
>  {latex/language}  =>  {Latex}
>  {latex/langtag}  =>  {ENG}
>  {latex/bcp47}  =>  {}
>  {latex/hyphennames}  =>  {english}
>  {latex/direction}  =>  {LR}
>  {latex/hyphenmins}  =>  {2,3}
>  {latex/frenchspacing}  =>  {false}
>  {latex/indentfirst}  =>  {false}
>  {latex/fontsetup}  =>  {true}
>  {latex/envname}  =>  {latex}
>  {latex/babelname}  =>  {latex}
>  {latex/localnumeral}  =>  {polyglossia@C@localnumeral}
>  {latex/Localnumeral}  =>  {polyglossia@C@localnumeral}
>  {latex/DefineCommandsCmd}  =>  {use_none:n}
>  {english/script}  =>  {latin}
>  {english/lcscript}  =>  {latin}
>  {english/scripttag}  =>  {}
>  {english/language}  =>  {English}
>  {english/langtag}  =>  {ENG}
>  {english/bcp47}  =>  {en-US}
>  {english/hyphennames}  =>  {english,american,usenglish,USenglish}
>  {english/direction}  =>  {LR}
>  {english/hyphenmins}  =>  {2,3}
>  {english/frenchspacing}  =>  {false}
>  {english/indentfirst}  =>  {false}
>  {english/fontsetup}  =>  {true}
>  {english/envname}  =>  {english}
>  {english/babelname}  =>  {american}
>  {english/localnumeral}  =>  {polyglossia@C@localnumeral}
>  {english/Localnumeral}  =>  {polyglossia@C@localnumeral}
>  {english/DefineCommandsCmd}  =>  {xpg_define_language_commands:e}.
The property list \__xpg_alias contains the pairs (without outer braces):
>  {latex/target}  =>  {latex}
>  {english/target}  =>  {english}
>  {en/target}  =>  {english}
>  {en-AU/target}  =>  {english}
>  {en-AU/variant}  =>  {australian}
>  {en-AU/options}  =>  {variant=australian}
>  {en-CA/target}  =>  {english}
>  {en-CA/variant}  =>  {canadian}
>  {en-CA/options}  =>  {variant=canadian}
>  {en-GB/target}  =>  {english}
>  {en-GB/variant}  =>  {british}
>  {en-GB/options}  =>  {variant=british}
>  {en-NZ/target}  =>  {english}
>  {en-NZ/variant}  =>  {newzealand}
>  {en-NZ/options}  =>  {variant=newzealand}
>  {en-US/target}  =>  {english}
>  {en-US/variant}  =>  {us}
>  {en-US/options}  =>  {variant=us}
>  {american/target}  =>  {english}
>  {american/variant}  =>  {us}
>  {american/options}  =>  {variant=us}
>  {australian/target}  =>  {english}
>  {australian/variant}  =>  {australian}
>  {australian/options}  =>  {variant=australian}
>  {british/target}  =>  {english}
>  {british/variant}  =>  {british}
>  {british/options}  =>  {variant=british}
>  {canadian/target}  =>  {english}
>  {canadian/variant}  =>  {canadian}
>  {canadian/options}  =>  {variant=canadian}
>  {newzealand/target}  =>  {english}
>  {newzealand/variant}  =>  {newzealand}
>  {newzealand/options}  =>  {variant=newzealand}.
 [263]
(tmp/readme.aux
LaTeX Info: Redefining \rmfamily on input line 17.
LaTeX Info: Redefining \sffamily on input line 17.
LaTeX Info: Redefining \ttfamily on input line 17.
)

LaTeX Warning: There were undefined references.


LaTeX Warning: There were multiply-defined labels.

Package rerunfilecheck Info: File `readme.out' has not changed.
(rerunfilecheck)             Checksum: 8A08A8E553DA28F473F7920B1E7DB5F3;13361.
 ) 
Here is how much of TeX's memory you used:
 20489 strings out of 476696
 391093 string characters out of 5806955
 1860018 words of memory out of 6000000
 40394 multiletter control sequences out of 15000+600000
 519183 words of font info for 83 fonts, out of 8000000 for 9000
 1350 hyphenation exceptions out of 8191
 94i,7n,96p,1007b,512s stack positions out of 10000i,1000n,20000p,200000b,200000s

Output written on tmp/readme.pdf (264 pages).
