\BOOKMARK [0][-]{chapter.1}{\376\377\000I\000n\000t\000e\000l\000\256\000\040\000E\000m\000b\000r\000e\000e\000\040\000O\000v\000e\000r\000v\000i\000e\000w}{}% 1
\BOOKMARK [1][-]{section.1.1}{Supported\040Platforms}{chapter.1}% 2
\BOOKMARK [1][-]{section.1.2}{Embree\040Support\040and\040Contact}{chapter.1}% 3
\BOOKMARK [1][-]{section.1.3}{Version\040History}{chapter.1}% 4
\BOOKMARK [0][-]{chapter.2}{Installation\040of\040Embree}{}% 5
\BOOKMARK [1][-]{section.2.1}{Windows\040Installation}{chapter.2}% 6
\BOOKMARK [1][-]{section.2.2}{Linux\040Installation}{chapter.2}% 7
\BOOKMARK [1][-]{section.2.3}{macOS\040Installation}{chapter.2}% 8
\BOOKMARK [1][-]{section.2.4}{Building\040Embree\040Applications}{chapter.2}% 9
\BOOKMARK [1][-]{section.2.5}{Building\040Embree\040SYCL\040Applications}{chapter.2}% 10
\BOOKMARK [0][-]{chapter.3}{Compiling\040Embree}{}% 11
\BOOKMARK [1][-]{section.3.1}{Linux\040and\040macOS}{chapter.3}% 12
\BOOKMARK [1][-]{section.3.2}{Linux\040SYCL\040Compilation}{chapter.3}% 13
\BOOKMARK [1][-]{section.3.3}{Windows}{chapter.3}% 14
\BOOKMARK [1][-]{section.3.4}{Windows\040SYCL\040Compilation}{chapter.3}% 15
\BOOKMARK [1][-]{section.3.5}{CMake\040Configuration}{chapter.3}% 16
\BOOKMARK [0][-]{chapter.4}{Embree\040API}{}% 17
\BOOKMARK [1][-]{section.4.1}{Device\040Object}{chapter.4}% 18
\BOOKMARK [1][-]{section.4.2}{Scene\040Object}{chapter.4}% 19
\BOOKMARK [1][-]{section.4.3}{Geometry\040Object}{chapter.4}% 20
\BOOKMARK [1][-]{section.4.4}{Ray\040Queries}{chapter.4}% 21
\BOOKMARK [1][-]{section.4.5}{Point\040Queries}{chapter.4}% 22
\BOOKMARK [1][-]{section.4.6}{Collision\040Detection}{chapter.4}% 23
\BOOKMARK [1][-]{section.4.7}{Filter\040Functions}{chapter.4}% 24
\BOOKMARK [1][-]{section.4.8}{BVH\040Build\040API}{chapter.4}% 25
\BOOKMARK [0][-]{chapter.5}{Embree\040SYCL\040API}{}% 26
\BOOKMARK [1][-]{section.5.1}{SYCL\040JIT\040caching}{chapter.5}% 27
\BOOKMARK [1][-]{section.5.2}{SYCL\040Memory\040Pooling}{chapter.5}% 28
\BOOKMARK [1][-]{section.5.3}{Embree\040SYCL\040Limitations}{chapter.5}% 29
\BOOKMARK [1][-]{section.5.4}{Embree\040SYCL\040Known\040Issues}{chapter.5}% 30
\BOOKMARK [0][-]{chapter.6}{Upgrading\040from\040Embree\0403\040to\040Embree\0404}{}% 31
\BOOKMARK [0][-]{chapter.7}{Embree\040API\040Reference}{}% 32
\BOOKMARK [1][-]{section.7.1}{rtcNewDevice}{chapter.7}% 33
\BOOKMARK [1][-]{section.7.2}{rtcNewSYCLDevice}{chapter.7}% 34
\BOOKMARK [1][-]{section.7.3}{rtcIsSYCLDeviceSupported}{chapter.7}% 35
\BOOKMARK [1][-]{section.7.4}{rtcSYCLDeviceSelector}{chapter.7}% 36
\BOOKMARK [1][-]{section.7.5}{rtcSetDeviceSYCLDevice}{chapter.7}% 37
\BOOKMARK [1][-]{section.7.6}{rtcRetainDevice}{chapter.7}% 38
\BOOKMARK [1][-]{section.7.7}{rtcReleaseDevice}{chapter.7}% 39
\BOOKMARK [1][-]{section.7.8}{rtcGetDeviceProperty}{chapter.7}% 40
\BOOKMARK [1][-]{section.7.9}{rtcGetDeviceError}{chapter.7}% 41
\BOOKMARK [1][-]{section.7.10}{rtcSetDeviceErrorFunction}{chapter.7}% 42
\BOOKMARK [1][-]{section.7.11}{rtcSetDeviceMemoryMonitorFunction}{chapter.7}% 43
\BOOKMARK [1][-]{section.7.12}{rtcNewScene}{chapter.7}% 44
\BOOKMARK [1][-]{section.7.13}{rtcGetSceneDevice}{chapter.7}% 45
\BOOKMARK [1][-]{section.7.14}{rtcRetainScene}{chapter.7}% 46
\BOOKMARK [1][-]{section.7.15}{rtcReleaseScene}{chapter.7}% 47
\BOOKMARK [1][-]{section.7.16}{rtcAttachGeometry}{chapter.7}% 48
\BOOKMARK [1][-]{section.7.17}{rtcAttachGeometryByID}{chapter.7}% 49
\BOOKMARK [1][-]{section.7.18}{rtcDetachGeometry}{chapter.7}% 50
\BOOKMARK [1][-]{section.7.19}{rtcGetGeometry}{chapter.7}% 51
\BOOKMARK [1][-]{section.7.20}{rtcGetGeometryThreadSafe}{chapter.7}% 52
\BOOKMARK [1][-]{section.7.21}{rtcCommitScene}{chapter.7}% 53
\BOOKMARK [1][-]{section.7.22}{rtcJoinCommitScene}{chapter.7}% 54
\BOOKMARK [1][-]{section.7.23}{rtcSetSceneProgressMonitorFunction}{chapter.7}% 55
\BOOKMARK [1][-]{section.7.24}{rtcSetSceneBuildQuality}{chapter.7}% 56
\BOOKMARK [1][-]{section.7.25}{rtcSetSceneFlags}{chapter.7}% 57
\BOOKMARK [1][-]{section.7.26}{rtcGetSceneFlags}{chapter.7}% 58
\BOOKMARK [1][-]{section.7.27}{rtcGetSceneBounds}{chapter.7}% 59
\BOOKMARK [1][-]{section.7.28}{rtcGetSceneLinearBounds}{chapter.7}% 60
\BOOKMARK [1][-]{section.7.29}{rtcNewGeometry}{chapter.7}% 61
\BOOKMARK [1][-]{section.7.30}{RTC_GEOMETRY_TYPE_TRIANGLE}{chapter.7}% 62
\BOOKMARK [1][-]{section.7.31}{RTC_GEOMETRY_TYPE_QUAD}{chapter.7}% 63
\BOOKMARK [1][-]{section.7.32}{RTC_GEOMETRY_TYPE_GRID}{chapter.7}% 64
\BOOKMARK [1][-]{section.7.33}{RTC_GEOMETRY_TYPE_SUBDIVISION}{chapter.7}% 65
\BOOKMARK [1][-]{section.7.34}{RTC_GEOMETRY_TYPE_CURVE}{chapter.7}% 66
\BOOKMARK [1][-]{section.7.35}{RTC_GEOMETRY_TYPE_POINT}{chapter.7}% 67
\BOOKMARK [1][-]{section.7.36}{RTC_GEOMETRY_TYPE_USER}{chapter.7}% 68
\BOOKMARK [1][-]{section.7.37}{RTC_GEOMETRY_TYPE_INSTANCE}{chapter.7}% 69
\BOOKMARK [1][-]{section.7.38}{RTCCurveFlags}{chapter.7}% 70
\BOOKMARK [1][-]{section.7.39}{rtcRetainGeometry}{chapter.7}% 71
\BOOKMARK [1][-]{section.7.40}{rtcReleaseGeometry}{chapter.7}% 72
\BOOKMARK [1][-]{section.7.41}{rtcCommitGeometry}{chapter.7}% 73
\BOOKMARK [1][-]{section.7.42}{rtcEnableGeometry}{chapter.7}% 74
\BOOKMARK [1][-]{section.7.43}{rtcDisableGeometry}{chapter.7}% 75
\BOOKMARK [1][-]{section.7.44}{rtcSetGeometryTimeStepCount}{chapter.7}% 76
\BOOKMARK [1][-]{section.7.45}{rtcSetGeometryTimeRange}{chapter.7}% 77
\BOOKMARK [1][-]{section.7.46}{rtcSetGeometryVertexAttributeCount}{chapter.7}% 78
\BOOKMARK [1][-]{section.7.47}{rtcSetGeometryMask}{chapter.7}% 79
\BOOKMARK [1][-]{section.7.48}{rtcSetGeometryBuildQuality}{chapter.7}% 80
\BOOKMARK [1][-]{section.7.49}{rtcSetGeometryMaxRadiusScale}{chapter.7}% 81
\BOOKMARK [1][-]{section.7.50}{rtcSetGeometryBuffer}{chapter.7}% 82
\BOOKMARK [1][-]{section.7.51}{rtcSetSharedGeometryBuffer}{chapter.7}% 83
\BOOKMARK [1][-]{section.7.52}{rtcSetNewGeometryBuffer}{chapter.7}% 84
\BOOKMARK [1][-]{section.7.53}{RTCFormat}{chapter.7}% 85
\BOOKMARK [1][-]{section.7.54}{RTCBufferType}{chapter.7}% 86
\BOOKMARK [1][-]{section.7.55}{rtcGetGeometryBufferData}{chapter.7}% 87
\BOOKMARK [1][-]{section.7.56}{rtcUpdateGeometryBuffer}{chapter.7}% 88
\BOOKMARK [1][-]{section.7.57}{rtcSetGeometryIntersectFilterFunction}{chapter.7}% 89
\BOOKMARK [1][-]{section.7.58}{rtcSetGeometryOccludedFilterFunction}{chapter.7}% 90
\BOOKMARK [1][-]{section.7.59}{rtcSetGeometryEnableFilterFunctionFromArguments}{chapter.7}% 91
\BOOKMARK [1][-]{section.7.60}{rtcInvokeIntersectFilterFromGeometry}{chapter.7}% 92
\BOOKMARK [1][-]{section.7.61}{rtcInvokeOccludedFilterFromGeometry}{chapter.7}% 93
\BOOKMARK [1][-]{section.7.62}{rtcSetGeometryUserData}{chapter.7}% 94
\BOOKMARK [1][-]{section.7.63}{rtcGetGeometryUserData}{chapter.7}% 95
\BOOKMARK [1][-]{section.7.64}{rtcGetGeometryUserDataFromScene}{chapter.7}% 96
\BOOKMARK [1][-]{section.7.65}{rtcSetGeometryUserPrimitiveCount}{chapter.7}% 97
\BOOKMARK [1][-]{section.7.66}{rtcSetGeometryBoundsFunction}{chapter.7}% 98
\BOOKMARK [1][-]{section.7.67}{rtcSetGeometryIntersectFunction}{chapter.7}% 99
\BOOKMARK [1][-]{section.7.68}{rtcSetGeometryOccludedFunction}{chapter.7}% 100
\BOOKMARK [1][-]{section.7.69}{rtcSetGeometryPointQueryFunction}{chapter.7}% 101
\BOOKMARK [1][-]{section.7.70}{rtcGetSYCLDeviceFunctionPointer}{chapter.7}% 102
\BOOKMARK [1][-]{section.7.71}{rtcSetGeometryInstancedScene}{chapter.7}% 103
\BOOKMARK [1][-]{section.7.72}{rtcSetGeometryTransform}{chapter.7}% 104
\BOOKMARK [1][-]{section.7.73}{rtcSetGeometryTransformQuaternion}{chapter.7}% 105
\BOOKMARK [1][-]{section.7.74}{rtcGetGeometryTransform}{chapter.7}% 106
\BOOKMARK [1][-]{section.7.75}{rtcSetGeometryTessellationRate}{chapter.7}% 107
\BOOKMARK [1][-]{section.7.76}{rtcSetGeometryTopologyCount}{chapter.7}% 108
\BOOKMARK [1][-]{section.7.77}{rtcSetGeometrySubdivisionMode}{chapter.7}% 109
\BOOKMARK [1][-]{section.7.78}{rtcSetGeometryVertexAttributeTopology}{chapter.7}% 110
\BOOKMARK [1][-]{section.7.79}{rtcSetGeometryDisplacementFunction}{chapter.7}% 111
\BOOKMARK [1][-]{section.7.80}{rtcGetGeometryFirstHalfEdge}{chapter.7}% 112
\BOOKMARK [1][-]{section.7.81}{rtcGetGeometryFace}{chapter.7}% 113
\BOOKMARK [1][-]{section.7.82}{rtcGetGeometryNextHalfEdge}{chapter.7}% 114
\BOOKMARK [1][-]{section.7.83}{rtcGetGeometryPreviousHalfEdge}{chapter.7}% 115
\BOOKMARK [1][-]{section.7.84}{rtcGetGeometryOppositeHalfEdge}{chapter.7}% 116
\BOOKMARK [1][-]{section.7.85}{rtcInterpolate}{chapter.7}% 117
\BOOKMARK [1][-]{section.7.86}{rtcInterpolateN}{chapter.7}% 118
\BOOKMARK [1][-]{section.7.87}{rtcNewBuffer}{chapter.7}% 119
\BOOKMARK [1][-]{section.7.88}{rtcNewSharedBuffer}{chapter.7}% 120
\BOOKMARK [1][-]{section.7.89}{rtcRetainBuffer}{chapter.7}% 121
\BOOKMARK [1][-]{section.7.90}{rtcReleaseBuffer}{chapter.7}% 122
\BOOKMARK [1][-]{section.7.91}{rtcGetBufferData}{chapter.7}% 123
\BOOKMARK [1][-]{section.7.92}{RTCRay}{chapter.7}% 124
\BOOKMARK [1][-]{section.7.93}{RTCHit}{chapter.7}% 125
\BOOKMARK [1][-]{section.7.94}{RTCRayHit}{chapter.7}% 126
\BOOKMARK [1][-]{section.7.95}{RTCRayN}{chapter.7}% 127
\BOOKMARK [1][-]{section.7.96}{RTCHitN}{chapter.7}% 128
\BOOKMARK [1][-]{section.7.97}{RTCRayHitN}{chapter.7}% 129
\BOOKMARK [1][-]{section.7.98}{RTCFeatureFlags}{chapter.7}% 130
\BOOKMARK [1][-]{section.7.99}{rtcInitIntersectArguments}{chapter.7}% 131
\BOOKMARK [1][-]{section.7.100}{rtcInitOccludedArguments}{chapter.7}% 132
\BOOKMARK [1][-]{section.7.101}{rtcInitRayQueryContext}{chapter.7}% 133
\BOOKMARK [1][-]{section.7.102}{rtcIntersect1}{chapter.7}% 134
\BOOKMARK [1][-]{section.7.103}{rtcOccluded1}{chapter.7}% 135
\BOOKMARK [1][-]{section.7.104}{rtcIntersect4/8/16}{chapter.7}% 136
\BOOKMARK [1][-]{section.7.105}{rtcOccluded4/8/16}{chapter.7}% 137
\BOOKMARK [1][-]{section.7.106}{rtcForwardIntersect1}{chapter.7}% 138
\BOOKMARK [1][-]{section.7.107}{rtcForwardOccluded1}{chapter.7}% 139
\BOOKMARK [1][-]{section.7.108}{rtcForwardIntersect4/8/16}{chapter.7}% 140
\BOOKMARK [1][-]{section.7.109}{rtcForwardOccluded4/8/16}{chapter.7}% 141
\BOOKMARK [1][-]{section.7.110}{rtcInitPointQueryContext}{chapter.7}% 142
\BOOKMARK [1][-]{section.7.111}{rtcPointQuery}{chapter.7}% 143
\BOOKMARK [1][-]{section.7.112}{rtcCollide}{chapter.7}% 144
\BOOKMARK [1][-]{section.7.113}{rtcNewBVH}{chapter.7}% 145
\BOOKMARK [1][-]{section.7.114}{rtcRetainBVH}{chapter.7}% 146
\BOOKMARK [1][-]{section.7.115}{rtcReleaseBVH}{chapter.7}% 147
\BOOKMARK [1][-]{section.7.116}{rtcBuildBVH}{chapter.7}% 148
\BOOKMARK [1][-]{section.7.117}{RTCQuaternionDecomposition}{chapter.7}% 149
\BOOKMARK [1][-]{section.7.118}{rtcInitQuaternionDecomposition}{chapter.7}% 150
\BOOKMARK [0][-]{chapter.8}{CPU\040Performance\040Recommendations}{}% 151
\BOOKMARK [1][-]{section.8.1}{MXCSR\040control\040and\040status\040register}{chapter.8}% 152
\BOOKMARK [1][-]{section.8.2}{Thread\040Creation\040and\040Affinity\040Settings}{chapter.8}% 153
\BOOKMARK [1][-]{section.8.3}{Fast\040Coherent\040Rays}{chapter.8}% 154
\BOOKMARK [1][-]{section.8.4}{Huge\040Page\040Support}{chapter.8}% 155
\BOOKMARK [1][-]{section.8.5}{Avoid\040store-to-load\040forwarding\040issues\040with\040single\040rays}{chapter.8}% 156
\BOOKMARK [0][-]{chapter.9}{GPU\040Performance\040Recommendations}{}% 157
\BOOKMARK [1][-]{section.9.1}{Low\040Code\040Complexity}{chapter.9}% 158
\BOOKMARK [1][-]{section.9.2}{Feature\040Flags}{chapter.9}% 159
\BOOKMARK [1][-]{section.9.3}{Inline\040Indirect\040Calls}{chapter.9}% 160
\BOOKMARK [1][-]{section.9.4}{7\040Bit\040Ray\040Mask}{chapter.9}% 161
\BOOKMARK [1][-]{section.9.5}{Limit\040Motion\040Blur\040Motions}{chapter.9}% 162
\BOOKMARK [1][-]{section.9.6}{Generic\040Pointers}{chapter.9}% 163
\BOOKMARK [0][-]{chapter.10}{Embree\040Tutorials}{}% 164
\BOOKMARK [1][-]{section.10.1}{Minimal}{chapter.10}% 165
\BOOKMARK [1][-]{section.10.2}{Triangle\040Geometry}{chapter.10}% 166
\BOOKMARK [1][-]{section.10.3}{Dynamic\040Scene}{chapter.10}% 167
\BOOKMARK [1][-]{section.10.4}{Multi\040Scene\040Geometry}{chapter.10}% 168
\BOOKMARK [1][-]{section.10.5}{User\040Geometry}{chapter.10}% 169
\BOOKMARK [1][-]{section.10.6}{Viewer}{chapter.10}% 170
\BOOKMARK [1][-]{section.10.7}{Intersection\040Filter}{chapter.10}% 171
\BOOKMARK [1][-]{section.10.8}{Instanced\040Geometry}{chapter.10}% 172
\BOOKMARK [1][-]{section.10.9}{Multi\040Level\040Instancing}{chapter.10}% 173
\BOOKMARK [1][-]{section.10.10}{Path\040Tracer}{chapter.10}% 174
\BOOKMARK [1][-]{section.10.11}{Hair}{chapter.10}% 175
\BOOKMARK [1][-]{section.10.12}{Curve\040Geometry}{chapter.10}% 176
\BOOKMARK [1][-]{section.10.13}{Subdivision\040Geometry}{chapter.10}% 177
\BOOKMARK [1][-]{section.10.14}{Displacement\040Geometry}{chapter.10}% 178
\BOOKMARK [1][-]{section.10.15}{Grid\040Geometry}{chapter.10}% 179
\BOOKMARK [1][-]{section.10.16}{Point\040Geometry}{chapter.10}% 180
\BOOKMARK [1][-]{section.10.17}{Motion\040Blur\040Geometry}{chapter.10}% 181
\BOOKMARK [1][-]{section.10.18}{Quaternion\040Motion\040Blur}{chapter.10}% 182
\BOOKMARK [1][-]{section.10.19}{Interpolation}{chapter.10}% 183
\BOOKMARK [1][-]{section.10.20}{Closest\040Point}{chapter.10}% 184
\BOOKMARK [1][-]{section.10.21}{Voronoi}{chapter.10}% 185
\BOOKMARK [1][-]{section.10.22}{Collision\040Detection}{chapter.10}% 186
\BOOKMARK [1][-]{section.10.23}{BVH\040Builder}{chapter.10}% 187
\BOOKMARK [1][-]{section.10.24}{BVH\040Access}{chapter.10}% 188
\BOOKMARK [1][-]{section.10.25}{Find\040Embree}{chapter.10}% 189
\BOOKMARK [1][-]{section.10.26}{Next\040Hit}{chapter.10}% 190
